Component: Arm Compiler for Embedded 6.24 Tool: armlink [5f371500]

==============================================================================

Section Cross References

    startup_stm32f103xb.o(RESET) refers to startup_stm32f103xb.o(STACK) for __initial_sp
    startup_stm32f103xb.o(RESET) refers to startup_stm32f103xb.o(.text) for Reset_Handler
    startup_stm32f103xb.o(RESET) refers to stm32f1xx_it.o(.text.NMI_Handler) for NMI_Handler
    startup_stm32f103xb.o(RESET) refers to stm32f1xx_it.o(.text.HardFault_Handler) for HardFault_Handler
    startup_stm32f103xb.o(RESET) refers to stm32f1xx_it.o(.text.MemManage_Handler) for MemManage_Handler
    startup_stm32f103xb.o(RESET) refers to stm32f1xx_it.o(.text.BusFault_Handler) for BusFault_Handler
    startup_stm32f103xb.o(RESET) refers to stm32f1xx_it.o(.text.UsageFault_Handler) for UsageFault_Handler
    startup_stm32f103xb.o(RESET) refers to stm32f1xx_it.o(.text.SVC_Handler) for SVC_Handler
    startup_stm32f103xb.o(RESET) refers to stm32f1xx_it.o(.text.DebugMon_Handler) for DebugMon_Handler
    startup_stm32f103xb.o(RESET) refers to stm32f1xx_it.o(.text.PendSV_Handler) for PendSV_Handler
    startup_stm32f103xb.o(RESET) refers to stm32f1xx_it.o(.text.SysTick_Handler) for SysTick_Handler
    startup_stm32f103xb.o(RESET) refers to stm32f1xx_it.o(.text.TIM4_IRQHandler) for TIM4_IRQHandler
    startup_stm32f103xb.o(RESET) refers to stm32f1xx_it.o(.text.USART1_IRQHandler) for USART1_IRQHandler
    startup_stm32f103xb.o(.text) refers to system_stm32f1xx.o(.text.SystemInit) for SystemInit
    startup_stm32f103xb.o(.text) refers to entry.o(.ARM.Collect$$$$00000000) for __main
    main.o(.text.main) refers to stm32f1xx_hal.o(.text.HAL_Init) for HAL_Init
    main.o(.text.main) refers to init.o(.text.SystemClock_Config) for SystemClock_Config
    main.o(.text.main) refers to init.o(.text.MX_GPIO_Init) for MX_GPIO_Init
    main.o(.text.main) refers to uart.o(.text.MX_USART1_UART_Init) for MX_USART1_UART_Init
    main.o(.text.main) refers to init.o(.text.MX_TIM4_Init) for MX_TIM4_Init
    main.o(.text.main) refers to protocol.o(.text.Protocol_Init) for Protocol_Init
    main.o(.text.main) refers to init.o(.bss.htim4) for htim4
    main.o(.text.main) refers to stm32f1xx_hal_tim.o(.text.HAL_TIM_Base_Start) for HAL_TIM_Base_Start
    main.o(.text.main) refers to uart.o(.text.UART_StartInterruptReceive) for UART_StartInterruptReceive
    main.o(.text.main) refers to protocol.o(.text.Protocol_SendStatus) for Protocol_SendStatus
    main.o(.text.main) refers to protocol.o(.text.Protocol_SendSystemInfo) for Protocol_SendSystemInfo
    main.o(.text.main) refers to protocol.o(.text.Protocol_SendMemoryInfo) for Protocol_SendMemoryInfo
    main.o(.text.main) refers to flash_config.o(.text.Flash_CheckBootloaderConstraints) for Flash_CheckBootloaderConstraints
    main.o(.ARM.exidx.text.main) refers to main.o(.text.main) for [Anonymous Symbol]
    main.o(.ARM.exidx.text.Error_Handler) refers to main.o(.text.Error_Handler) for [Anonymous Symbol]
    init.o(.text.SystemClock_Config) refers to stm32f1xx_hal_rcc.o(.text.HAL_RCC_OscConfig) for HAL_RCC_OscConfig
    init.o(.text.SystemClock_Config) refers to main.o(.text.Error_Handler) for Error_Handler
    init.o(.text.SystemClock_Config) refers to stm32f1xx_hal_rcc.o(.text.HAL_RCC_ClockConfig) for HAL_RCC_ClockConfig
    init.o(.ARM.exidx.text.SystemClock_Config) refers to init.o(.text.SystemClock_Config) for [Anonymous Symbol]
    init.o(.ARM.exidx.text.MX_GPIO_Init) refers to init.o(.text.MX_GPIO_Init) for [Anonymous Symbol]
    init.o(.text.MX_TIM4_Init) refers to init.o(.bss.htim4) for htim4
    init.o(.text.MX_TIM4_Init) refers to stm32f1xx_hal_tim.o(.text.HAL_TIM_Base_Init) for HAL_TIM_Base_Init
    init.o(.text.MX_TIM4_Init) refers to main.o(.text.Error_Handler) for Error_Handler
    init.o(.text.MX_TIM4_Init) refers to stm32f1xx_hal_tim.o(.text.HAL_TIM_ConfigClockSource) for HAL_TIM_ConfigClockSource
    init.o(.text.MX_TIM4_Init) refers to stm32f1xx_hal_tim_ex.o(.text.HAL_TIMEx_MasterConfigSynchronization) for HAL_TIMEx_MasterConfigSynchronization
    init.o(.ARM.exidx.text.MX_TIM4_Init) refers to init.o(.text.MX_TIM4_Init) for [Anonymous Symbol]
    uart.o(.text.MX_USART1_UART_Init) refers to uart.o(.bss..L_MergedGlobals) for .L_MergedGlobals
    uart.o(.text.MX_USART1_UART_Init) refers to stm32f1xx_hal_uart.o(.text.HAL_UART_Init) for HAL_UART_Init
    uart.o(.text.MX_USART1_UART_Init) refers to main.o(.text.Error_Handler) for Error_Handler
    uart.o(.ARM.exidx.text.MX_USART1_UART_Init) refers to uart.o(.text.MX_USART1_UART_Init) for [Anonymous Symbol]
    uart.o(.text.UART_SendData) refers to uart.o(.bss..L_MergedGlobals) for .L_MergedGlobals
    uart.o(.text.UART_SendData) refers to stm32f1xx_hal_uart.o(.text.HAL_UART_Transmit) for HAL_UART_Transmit
    uart.o(.ARM.exidx.text.UART_SendData) refers to uart.o(.text.UART_SendData) for [Anonymous Symbol]
[...]
    Removing stm32f1xx_hal_tim.o(.ARM.exidx.text.TIM_DMACaptureCplt), (8 bytes).
    Removing stm32f1xx_hal_tim.o(.text.TIM_DMACaptureHalfCplt), (56 bytes).
    Removing stm32f1xx_hal_tim.o(.ARM.exidx.text.TIM_DMACaptureHalfCplt), (8 bytes).
    Removing stm32f1xx_hal_tim.o(.text.HAL_TIM_IC_Stop_DMA), (162 bytes).
    Removing stm32f1xx_hal_tim.o(.ARM.exidx.text.HAL_TIM_IC_Stop_DMA), (8 bytes).
    Removing stm32f1xx_hal_tim.o(.text.HAL_TIM_OnePulse_Init), (254 bytes).
    Removing stm32f1xx_hal_tim.o(.ARM.exidx.text.HAL_TIM_OnePulse_Init), (8 bytes).
    Removing stm32f1xx_hal_tim.o(.text.HAL_TIM_OnePulse_MspInit), (2 bytes).
    Removing stm32f1xx_hal_tim.o(.ARM.exidx.text.HAL_TIM_OnePulse_MspInit), (8 bytes).
    Removing stm32f1xx_hal_tim.o(.text.HAL_TIM_OnePulse_DeInit), (80 bytes).
    Removing stm32f1xx_hal_tim.o(.ARM.exidx.text.HAL_TIM_OnePulse_DeInit), (8 bytes).
    Removing stm32f1xx_hal_tim.o(.text.HAL_TIM_OnePulse_MspDeInit), (2 bytes).
    Removing stm32f1xx_hal_tim.o(.ARM.exidx.text.HAL_TIM_OnePulse_MspDeInit), (8 bytes).
    Removing stm32f1xx_hal_tim.o(.text.HAL_TIM_OnePulse_Start), (128 bytes).
    Removing stm32f1xx_hal_tim.o(.ARM.exidx.text.HAL_TIM_OnePulse_Start), (8 bytes).
    Removing stm32f1xx_hal_tim.o(.text.HAL_TIM_OnePulse_Stop), (118 bytes).
    Removing stm32f1xx_hal_tim.o(.ARM.exidx.text.HAL_TIM_OnePulse_Stop), (8 bytes).
    Removing stm32f1xx_hal_tim.o(.text.HAL_TIM_OnePulse_Start_IT), (144 bytes).
    Removing stm32f1xx_hal_tim.o(.ARM.exidx.text.HAL_TIM_OnePulse_Start_IT), (8 bytes).
    Removing stm32f1xx_hal_tim.o(.text.HAL_TIM_OnePulse_Stop_IT), (134 bytes).
    Removing stm32f1xx_hal_tim.o(.ARM.exidx.text.HAL_TIM_OnePulse_Stop_IT), (8 bytes).
    Removing stm32f1xx_hal_tim.o(.text.HAL_TIM_Encoder_Init), (346 bytes).
    Removing stm32f1xx_hal_tim.o(.ARM.exidx.text.HAL_TIM_Encoder_Init), (8 bytes).
    Removing stm32f1xx_hal_tim.o(.text.HAL_TIM_Encoder_MspInit), (2 bytes).
    Removing stm32f1xx_hal_tim.o(.ARM.exidx.text.HAL_TIM_Encoder_MspInit), (8 bytes).
    Removing stm32f1xx_hal_tim.o(.text.HAL_TIM_Encoder_DeInit), (80 bytes).
    Removing stm32f1xx_hal_tim.o(.ARM.exidx.text.HAL_TIM_Encoder_DeInit), (8 bytes).
    Removing stm32f1xx_hal_tim.o(.text.HAL_TIM_Encoder_MspDeInit), (2 bytes).
    Removing stm32f1xx_hal_tim.o(.ARM.exidx.text.HAL_TIM_Encoder_MspDeInit), (8 bytes).
    Removing stm32f1xx_hal_tim.o(.text.HAL_TIM_Encoder_Start), (188 bytes).
    Removing stm32f1xx_hal_tim.o(.ARM.exidx.text.HAL_TIM_Encoder_Start), (8 bytes).
    Removing stm32f1xx_hal_tim.o(.text.HAL_TIM_Encoder_Stop), (130 bytes).
    Removing stm32f1xx_hal_tim.o(.ARM.exidx.text.HAL_TIM_Encoder_Stop), (8 bytes).
    Removing stm32f1xx_hal_tim.o(.text.HAL_TIM_Encoder_Start_IT), (230 bytes).
    Removing stm32f1xx_hal_tim.o(.ARM.exidx.text.HAL_TIM_Encoder_Start_IT), (8 bytes).
    Removing stm32f1xx_hal_tim.o(.text.HAL_TIM_Encoder_Stop_IT), (214 bytes).
    Removing stm32f1xx_hal_tim.o(.ARM.exidx.text.HAL_TIM_Encoder_Stop_IT), (8 bytes).
    Removing stm32f1xx_hal_tim.o(.text.HAL_TIM_Encoder_Start_DMA), (552 bytes).
    Removing stm32f1xx_hal_tim.o(.ARM.exidx.text.HAL_TIM_Encoder_Start_DMA), (8 bytes).
    Removing stm32f1xx_hal_tim.o(.text.HAL_TIM_Encoder_Stop_DMA), (230 bytes).
    Removing stm32f1xx_hal_tim.o(.ARM.exidx.text.HAL_TIM_Encoder_Stop_DMA), (8 bytes).
    Removing stm32f1xx_hal_tim.o(.ARM.exidx.text.HAL_TIM_IRQHandler), (8 bytes).
    Removing stm32f1xx_hal_tim.o(.ARM.exidx.text.HAL_TIM_IC_CaptureCallback), (8 bytes).
    Removing stm32f1xx_hal_tim.o(.ARM.exidx.text.HAL_TIM_OC_DelayElapsedCallback), (8 bytes).
    Removing stm32f1xx_hal_tim.o(.ARM.exidx.text.HAL_TIM_PWM_PulseFinishedCallback), (8 bytes).
    Removing stm32f1xx_hal_tim.o(.ARM.exidx.text.HAL_TIM_PeriodElapsedCallback), (8 bytes).
    Removing stm32f1xx_hal_tim.o(.ARM.exidx.text.HAL_TIM_TriggerCallback), (8 bytes).
    Removing stm32f1xx_hal_tim.o(.text.HAL_TIM_OC_ConfigChannel), (420 bytes).
    Removing stm32f1xx_hal_tim.o(.ARM.exidx.text.HAL_TIM_OC_ConfigChannel), (8 bytes).
    Removing stm32f1xx_hal_tim.o(.text.TIM_OC2_SetConfig), (96 bytes).
    Removing stm32f1xx_hal_tim.o(.ARM.exidx.text.TIM_OC2_SetConfig), (8 bytes).
    Removing stm32f1xx_hal_tim.o(.text.HAL_TIM_IC_ConfigChannel), (386 bytes).
    Removing stm32f1xx_hal_tim.o(.ARM.exidx.text.HAL_TIM_IC_ConfigChannel), (8 bytes).
    Removing stm32f1xx_hal_tim.o(.text.TIM_TI1_SetConfig), (114 bytes).
    Removing stm32f1xx_hal_tim.o(.ARM.exidx.text.TIM_TI1_SetConfig), (8 bytes).
    Removing stm32f1xx_hal_tim.o(.text.HAL_TIM_PWM_ConfigChannel), (516 bytes).
    Removing stm32f1xx_hal_tim.o(.ARM.exidx.text.HAL_TIM_PWM_ConfigChannel), (8 bytes).
    Removing stm32f1xx_hal_tim.o(.text.HAL_TIM_OnePulse_ConfigChannel), (478 bytes).
    Removing stm32f1xx_hal_tim.o(.ARM.exidx.text.HAL_TIM_OnePulse_ConfigChannel), (8 bytes).
    Removing stm32f1xx_hal_tim.o(.text.HAL_TIM_DMABurst_WriteStart), (28 bytes).
    Removing stm32f1xx_hal_tim.o(.ARM.exidx.text.HAL_TIM_DMABurst_WriteStart), (8 bytes).
    Removing stm32f1xx_hal_tim.o(.text.HAL_TIM_DMABurst_MultiWriteStart), (644 bytes).
    Removing stm32f1xx_hal_tim.o(.ARM.exidx.text.HAL_TIM_DMABurst_MultiWriteStart), (8 bytes).
    Removing stm32f1xx_hal_tim.o(.text.TIM_DMATriggerCplt), (20 bytes).
    Removing stm32f1xx_hal_tim.o(.ARM.exidx.text.TIM_DMATriggerCplt), (8 bytes).
    Removing stm32f1xx_hal_tim.o(.text.TIM_DMATriggerHalfCplt), (6 bytes).
    Removing stm32f1xx_hal_tim.o(.ARM.exidx.text.TIM_DMATriggerHalfCplt), (8 bytes).
    Removing stm32f1xx_hal_tim.o(.text.HAL_TIM_DMABurst_WriteStop), (118 bytes).
    Removing stm32f1xx_hal_tim.o(.ARM.exidx.text.HAL_TIM_DMABurst_WriteStop), (8 bytes).
    Removing stm32f1xx_hal_tim.o(.text.HAL_TIM_DMABurst_ReadStart), (28 bytes).
    Removing stm32f1xx_hal_tim.o(.ARM.exidx.text.HAL_TIM_DMABurst_ReadStart), (8 bytes).
    Removing stm32f1xx_hal_tim.o(.text.HAL_TIM_DMABurst_MultiReadStart), (628 bytes).
    Removing stm32f1xx_hal_tim.o(.ARM.exidx.text.HAL_TIM_DMABurst_MultiReadStart), (8 bytes).
    Removing stm32f1xx_hal_tim.o(.text.HAL_TIM_DMABurst_ReadStop), (118 bytes).
    Removing stm32f1xx_hal_tim.o(.ARM.exidx.text.HAL_TIM_DMABurst_ReadStop), (8 bytes).
    Removing stm32f1xx_hal_tim.o(.text.HAL_TIM_GenerateEvent), (36 bytes).
    Removing stm32f1xx_hal_tim.o(.ARM.exidx.text.HAL_TIM_GenerateEvent), (8 bytes).
    Removing stm32f1xx_hal_tim.o(.text.HAL_TIM_ConfigOCrefClear), (212 bytes).
    Removing stm32f1xx_hal_tim.o(.ARM.exidx.text.HAL_TIM_ConfigOCrefClear), (8 bytes).
    Removing stm32f1xx_hal_tim.o(.text.TIM_ETR_SetConfig), (22 bytes).
    Removing stm32f1xx_hal_tim.o(.ARM.exidx.text.TIM_ETR_SetConfig), (8 bytes).
    Removing stm32f1xx_hal_tim.o(.ARM.exidx.text.HAL_TIM_ConfigClockSource), (8 bytes).
    Removing stm32f1xx_hal_tim.o(.text.HAL_TIM_ConfigTI1Input), (16 bytes).
    Removing stm32f1xx_hal_tim.o(.ARM.exidx.text.HAL_TIM_ConfigTI1Input), (8 bytes).
    Removing stm32f1xx_hal_tim.o(.text.HAL_TIM_SlaveConfigSynchro), (88 bytes).
    Removing stm32f1xx_hal_tim.o(.ARM.exidx.text.HAL_TIM_SlaveConfigSynchro), (8 bytes).
    Removing stm32f1xx_hal_tim.o(.text.TIM_SlaveTimer_SetConfig), (250 bytes).
    Removing stm32f1xx_hal_tim.o(.ARM.exidx.text.TIM_SlaveTimer_SetConfig), (8 bytes).
    Removing stm32f1xx_hal_tim.o(.text.HAL_TIM_SlaveConfigSynchro_IT), (88 bytes).
    Removing stm32f1xx_hal_tim.o(.ARM.exidx.text.HAL_TIM_SlaveConfigSynchro_IT), (8 bytes).
    Removing stm32f1xx_hal_tim.o(.text.HAL_TIM_ReadCapturedValue), (22 bytes).
    Removing stm32f1xx_hal_tim.o(.ARM.exidx.text.HAL_TIM_ReadCapturedValue), (8 bytes).
    Removing stm32f1xx_hal_tim.o(.text.HAL_TIM_PeriodElapsedHalfCpltCallback), (2 bytes).
    Removing stm32f1xx_hal_tim.o(.ARM.exidx.text.HAL_TIM_PeriodElapsedHalfCpltCallback), (8 bytes).
    Removing stm32f1xx_hal_tim.o(.text.HAL_TIM_IC_CaptureHalfCpltCallback), (2 bytes).
    Removing stm32f1xx_hal_tim.o(.ARM.exidx.text.HAL_TIM_IC_CaptureHalfCpltCallback), (8 bytes).
    Removing stm32f1xx_hal_tim.o(.text.HAL_TIM_PWM_PulseFinishedHalfCpltCallback), (2 bytes).
    Removing stm32f1xx_hal_tim.o(.ARM.exidx.text.HAL_TIM_PWM_PulseFinishedHalfCpltCallback), (8 bytes).
    Removing stm32f1xx_hal_tim.o(.text.HAL_TIM_TriggerHalfCpltCallback), (2 bytes).
    Removing stm32f1xx_hal_tim.o(.ARM.exidx.text.HAL_TIM_TriggerHalfCpltCallback), (8 bytes).
    Removing stm32f1xx_hal_tim.o(.text.HAL_TIM_ErrorCallback), (2 bytes).
    Removing stm32f1xx_hal_tim.o(.ARM.exidx.text.HAL_TIM_ErrorCallback), (8 bytes).
    Removing stm32f1xx_hal_tim.o(.text.HAL_TIM_Base_GetState), (6 bytes).
    Removing stm32f1xx_hal_tim.o(.ARM.exidx.text.HAL_TIM_Base_GetState), (8 bytes).
    Removing stm32f1xx_hal_tim.o(.text.HAL_TIM_OC_GetState), (6 bytes).
    Removing stm32f1xx_hal_tim.o(.ARM.exidx.text.HAL_TIM_OC_GetState), (8 bytes).
    Removing stm32f1xx_hal_tim.o(.text.HAL_TIM_PWM_GetState), (6 bytes).
    Removing stm32f1xx_hal_tim.o(.ARM.exidx.text.HAL_TIM_PWM_GetState), (8 bytes).
    Removing stm32f1xx_hal_tim.o(.text.HAL_TIM_IC_GetState), (6 bytes).
    Removing stm32f1xx_hal_tim.o(.ARM.exidx.text.HAL_TIM_IC_GetState), (8 bytes).
    Removing stm32f1xx_hal_tim.o(.text.HAL_TIM_OnePulse_GetState), (6 bytes).
    Removing stm32f1xx_hal_tim.o(.ARM.exidx.text.HAL_TIM_OnePulse_GetState), (8 bytes).
    Removing stm32f1xx_hal_tim.o(.text.HAL_TIM_Encoder_GetState), (6 bytes).
    Removing stm32f1xx_hal_tim.o(.ARM.exidx.text.HAL_TIM_Encoder_GetState), (8 bytes).
    Removing stm32f1xx_hal_tim.o(.text.HAL_TIM_GetActiveChannel), (4 bytes).
    Removing stm32f1xx_hal_tim.o(.ARM.exidx.text.HAL_TIM_GetActiveChannel), (8 bytes).
    Removing stm32f1xx_hal_tim.o(.text.HAL_TIM_GetChannelState), (34 bytes).
    Removing stm32f1xx_hal_tim.o(.ARM.exidx.text.HAL_TIM_GetChannelState), (8 bytes).
    Removing stm32f1xx_hal_tim.o(.text.HAL_TIM_DMABurstState), (6 bytes).
    Removing stm32f1xx_hal_tim.o(.ARM.exidx.text.HAL_TIM_DMABurstState), (8 bytes).
    Removing stm32f1xx_hal_tim.o(.rodata.cst16), (48 bytes).
    Removing stm32f1xx_hal_tim_ex.o(.text), (0 bytes).
    Removing stm32f1xx_hal_tim_ex.o(.text.HAL_TIMEx_HallSensor_Init), (200 bytes).
    Removing stm32f1xx_hal_tim_ex.o(.ARM.exidx.text.HAL_TIMEx_HallSensor_Init), (8 bytes).
    Removing stm32f1xx_hal_tim_ex.o(.text.HAL_TIMEx_HallSensor_MspInit), (2 bytes).
    Removing stm32f1xx_hal_tim_ex.o(.ARM.exidx.text.HAL_TIMEx_HallSensor_MspInit), (8 bytes).
    Removing stm32f1xx_hal_tim_ex.o(.text.HAL_TIMEx_HallSensor_DeInit), (80 bytes).
    Removing stm32f1xx_hal_tim_ex.o(.ARM.exidx.text.HAL_TIMEx_HallSensor_DeInit), (8 bytes).
    Removing stm32f1xx_hal_tim_ex.o(.text.HAL_TIMEx_HallSensor_MspDeInit), (2 bytes).
    Removing stm32f1xx_hal_tim_ex.o(.ARM.exidx.text.HAL_TIMEx_HallSensor_MspDeInit), (8 bytes).
    Removing stm32f1xx_hal_tim_ex.o(.text.HAL_TIMEx_HallSensor_Start), (162 bytes).
    Removing stm32f1xx_hal_tim_ex.o(.ARM.exidx.text.HAL_TIMEx_HallSensor_Start), (8 bytes).
    Removing stm32f1xx_hal_tim_ex.o(.text.HAL_TIMEx_HallSensor_Stop), (66 bytes).
    Removing stm32f1xx_hal_tim_ex.o(.ARM.exidx.text.HAL_TIMEx_HallSensor_Stop), (8 bytes).
    Removing stm32f1xx_hal_tim_ex.o(.text.HAL_TIMEx_HallSensor_Start_IT), (170 bytes).
    Removing stm32f1xx_hal_tim_ex.o(.ARM.exidx.text.HAL_TIMEx_HallSensor_Start_IT), (8 bytes).
    Removing stm32f1xx_hal_tim_ex.o(.text.HAL_TIMEx_HallSensor_Stop_IT), (74 bytes).
    Removing stm32f1xx_hal_tim_ex.o(.ARM.exidx.text.HAL_TIMEx_HallSensor_Stop_IT), (8 bytes).
    Removing stm32f1xx_hal_tim_ex.o(.text.HAL_TIMEx_HallSensor_Start_DMA), (214 bytes).
    Removing stm32f1xx_hal_tim_ex.o(.ARM.exidx.text.HAL_TIMEx_HallSensor_Start_DMA), (8 bytes).
    Removing stm32f1xx_hal_tim_ex.o(.text.HAL_TIMEx_HallSensor_Stop_DMA), (74 bytes).
    Removing stm32f1xx_hal_tim_ex.o(.ARM.exidx.text.HAL_TIMEx_HallSensor_Stop_DMA), (8 bytes).
    Removing stm32f1xx_hal_tim_ex.o(.text.HAL_TIMEx_OCN_Start), (194 bytes).
    Removing stm32f1xx_hal_tim_ex.o(.ARM.exidx.text.HAL_TIMEx_OCN_Start), (8 bytes).
    Removing stm32f1xx_hal_tim_ex.o(.text.HAL_TIMEx_OCN_Stop), (146 bytes).
    Removing stm32f1xx_hal_tim_ex.o(.ARM.exidx.text.HAL_TIMEx_OCN_Stop), (8 bytes).
    Removing stm32f1xx_hal_tim_ex.o(.text.HAL_TIMEx_OCN_Start_IT), (214 bytes).
    Removing stm32f1xx_hal_tim_ex.o(.ARM.exidx.text.HAL_TIMEx_OCN_Start_IT), (8 bytes).
    Removing stm32f1xx_hal_tim_ex.o(.text.HAL_TIMEx_OCN_Stop_IT), (234 bytes).
    Removing stm32f1xx_hal_tim_ex.o(.ARM.exidx.text.HAL_TIMEx_OCN_Stop_IT), (8 bytes).
    Removing stm32f1xx_hal_tim_ex.o(.text.HAL_TIMEx_OCN_Start_DMA), (462 bytes).
    Removing stm32f1xx_hal_tim_ex.o(.ARM.exidx.text.HAL_TIMEx_OCN_Start_DMA), (8 bytes).
    Removing stm32f1xx_hal_tim_ex.o(.text.TIM_DMADelayPulseNCplt), (82 bytes).
    Removing stm32f1xx_hal_tim_ex.o(.ARM.exidx.text.TIM_DMADelayPulseNCplt), (8 bytes).
    Removing stm32f1xx_hal_tim_ex.o(.text.TIM_DMAErrorCCxN), (70 bytes).
    Removing stm32f1xx_hal_tim_ex.o(.ARM.exidx.text.TIM_DMAErrorCCxN), (8 bytes).
    Removing stm32f1xx_hal_tim_ex.o(.text.HAL_TIMEx_OCN_Stop_DMA), (176 bytes).
    Removing stm32f1xx_hal_tim_ex.o(.ARM.exidx.text.HAL_TIMEx_OCN_Stop_DMA), (8 bytes).
    Removing stm32f1xx_hal_tim_ex.o(.text.HAL_TIMEx_PWMN_Start), (194 bytes).
    Removing stm32f1xx_hal_tim_ex.o(.ARM.exidx.text.HAL_TIMEx_PWMN_Start), (8 bytes).
    Removing stm32f1xx_hal_tim_ex.o(.text.HAL_TIMEx_PWMN_Stop), (146 bytes).
    Removing stm32f1xx_hal_tim_ex.o(.ARM.exidx.text.HAL_TIMEx_PWMN_Stop), (8 bytes).
    Removing stm32f1xx_hal_tim_ex.o(.text.HAL_TIMEx_PWMN_Start_IT), (214 bytes).
    Removing stm32f1xx_hal_tim_ex.o(.ARM.exidx.text.HAL_TIMEx_PWMN_Start_IT), (8 bytes).
    Removing stm32f1xx_hal_tim_ex.o(.text.HAL_TIMEx_PWMN_Stop_IT), (234 bytes).
    Removing stm32f1xx_hal_tim_ex.o(.ARM.exidx.text.HAL_TIMEx_PWMN_Stop_IT), (8 bytes).
    Removing stm32f1xx_hal_tim_ex.o(.text.HAL_TIMEx_PWMN_Start_DMA), (462 bytes).
    Removing stm32f1xx_hal_tim_ex.o(.ARM.exidx.text.HAL_TIMEx_PWMN_Start_DMA), (8 bytes).
    Removing stm32f1xx_hal_tim_ex.o(.text.HAL_TIMEx_PWMN_Stop_DMA), (176 bytes).
    Removing stm32f1xx_hal_tim_ex.o(.ARM.exidx.text.HAL_TIMEx_PWMN_Stop_DMA), (8 bytes).
    Removing stm32f1xx_hal_tim_ex.o(.text.HAL_TIMEx_OnePulseN_Start), (126 bytes).
    Removing stm32f1xx_hal_tim_ex.o(.ARM.exidx.text.HAL_TIMEx_OnePulseN_Start), (8 bytes).
    Removing stm32f1xx_hal_tim_ex.o(.text.HAL_TIMEx_OnePulseN_Stop), (128 bytes).
    Removing stm32f1xx_hal_tim_ex.o(.ARM.exidx.text.HAL_TIMEx_OnePulseN_Stop), (8 bytes).
    Removing stm32f1xx_hal_tim_ex.o(.text.HAL_TIMEx_OnePulseN_Start_IT), (142 bytes).
    Removing stm32f1xx_hal_tim_ex.o(.ARM.exidx.text.HAL_TIMEx_OnePulseN_Start_IT), (8 bytes).
    Removing stm32f1xx_hal_tim_ex.o(.text.HAL_TIMEx_OnePulseN_Stop_IT), (144 bytes).
    Removing stm32f1xx_hal_tim_ex.o(.ARM.exidx.text.HAL_TIMEx_OnePulseN_Stop_IT), (8 bytes).
    Removing stm32f1xx_hal_tim_ex.o(.text.HAL_TIMEx_ConfigCommutEvent), (118 bytes).
    Removing stm32f1xx_hal_tim_ex.o(.ARM.exidx.text.HAL_TIMEx_ConfigCommutEvent), (8 bytes).
    Removing stm32f1xx_hal_tim_ex.o(.text.HAL_TIMEx_ConfigCommutEvent_IT), (118 bytes).
    Removing stm32f1xx_hal_tim_ex.o(.ARM.exidx.text.HAL_TIMEx_ConfigCommutEvent_IT), (8 bytes).
    Removing stm32f1xx_hal_tim_ex.o(.text.HAL_TIMEx_ConfigCommutEvent_DMA), (154 bytes).
    Removing stm32f1xx_hal_tim_ex.o(.ARM.exidx.text.HAL_TIMEx_ConfigCommutEvent_DMA), (8 bytes).
    Removing stm32f1xx_hal_tim_ex.o(.text.TIMEx_DMACommutationCplt), (12 bytes).
    Removing stm32f1xx_hal_tim_ex.o(.ARM.exidx.text.TIMEx_DMACommutationCplt), (8 bytes).
    Removing stm32f1xx_hal_tim_ex.o(.text.TIMEx_DMACommutationHalfCplt), (12 bytes).
    Removing stm32f1xx_hal_tim_ex.o(.ARM.exidx.text.TIMEx_DMACommutationHalfCplt), (8 bytes).
    Removing stm32f1xx_hal_tim_ex.o(.ARM.exidx.text.HAL_TIMEx_MasterConfigSynchronization), (8 bytes).
    Removing stm32f1xx_hal_tim_ex.o(.text.HAL_TIMEx_ConfigBreakDeadTime), (76 bytes).
    Removing stm32f1xx_hal_tim_ex.o(.ARM.exidx.text.HAL_TIMEx_ConfigBreakDeadTime), (8 bytes).
    Removing stm32f1xx_hal_tim_ex.o(.text.HAL_TIMEx_RemapConfig), (4 bytes).
    Removing stm32f1xx_hal_tim_ex.o(.ARM.exidx.text.HAL_TIMEx_RemapConfig), (8 bytes).
    Removing stm32f1xx_hal_tim_ex.o(.ARM.exidx.text.HAL_TIMEx_CommutCallback), (8 bytes).
    Removing stm32f1xx_hal_tim_ex.o(.text.HAL_TIMEx_CommutHalfCpltCallback), (2 bytes).
    Removing stm32f1xx_hal_tim_ex.o(.ARM.exidx.text.HAL_TIMEx_CommutHalfCpltCallback), (8 bytes).
    Removing stm32f1xx_hal_tim_ex.o(.ARM.exidx.text.HAL_TIMEx_BreakCallback), (8 bytes).
    Removing stm32f1xx_hal_tim_ex.o(.text.HAL_TIMEx_HallSensor_GetState), (6 bytes).
    Removing stm32f1xx_hal_tim_ex.o(.ARM.exidx.text.HAL_TIMEx_HallSensor_GetState), (8 bytes).
    Removing stm32f1xx_hal_tim_ex.o(.text.HAL_TIMEx_GetChannelNState), (34 bytes).
    Removing stm32f1xx_hal_tim_ex.o(.ARM.exidx.text.HAL_TIMEx_GetChannelNState), (8 bytes).
    Removing stm32f1xx_hal.o(.text), (0 bytes).
    Removing stm32f1xx_hal.o(.ARM.exidx.text.HAL_Init), (8 bytes).
    Removing stm32f1xx_hal.o(.ARM.exidx.text.HAL_InitTick), (8 bytes).
    Removing stm32f1xx_hal.o(.text.HAL_MspInit), (2 bytes).
    Removing stm32f1xx_hal.o(.ARM.exidx.text.HAL_MspInit), (8 bytes).
    Removing stm32f1xx_hal.o(.text.HAL_DeInit), (32 bytes).
    Removing stm32f1xx_hal.o(.ARM.exidx.text.HAL_DeInit), (8 bytes).
    Removing stm32f1xx_hal.o(.text.HAL_MspDeInit), (2 bytes).
    Removing stm32f1xx_hal.o(.ARM.exidx.text.HAL_MspDeInit), (8 bytes).
    Removing stm32f1xx_hal.o(.ARM.exidx.text.HAL_IncTick), (8 bytes).
    Removing stm32f1xx_hal.o(.ARM.exidx.text.HAL_GetTick), (8 bytes).
    Removing stm32f1xx_hal.o(.text.HAL_GetTickPrio), (12 bytes).
    Removing stm32f1xx_hal.o(.ARM.exidx.text.HAL_GetTickPrio), (8 bytes).
    Removing stm32f1xx_hal.o(.text.HAL_SetTickFreq), (38 bytes).
    Removing stm32f1xx_hal.o(.ARM.exidx.text.HAL_SetTickFreq), (8 bytes).
    Removing stm32f1xx_hal.o(.text.HAL_GetTickFreq), (12 bytes).
    Removing stm32f1xx_hal.o(.ARM.exidx.text.HAL_GetTickFreq), (8 bytes).
    Removing stm32f1xx_hal.o(.text.HAL_Delay), (40 bytes).
    Removing stm32f1xx_hal.o(.ARM.exidx.text.HAL_Delay), (8 bytes).
    Removing stm32f1xx_hal.o(.text.HAL_SuspendTick), (18 bytes).
    Removing stm32f1xx_hal.o(.ARM.exidx.text.HAL_SuspendTick), (8 bytes).
    Removing stm32f1xx_hal.o(.text.HAL_ResumeTick), (18 bytes).
    Removing stm32f1xx_hal.o(.ARM.exidx.text.HAL_ResumeTick), (8 bytes).
    Removing stm32f1xx_hal.o(.text.HAL_GetHalVersion), (10 bytes).
    Removing stm32f1xx_hal.o(.ARM.exidx.text.HAL_GetHalVersion), (8 bytes).
    Removing stm32f1xx_hal.o(.text.HAL_GetREVID), (14 bytes).
    Removing stm32f1xx_hal.o(.ARM.exidx.text.HAL_GetREVID), (8 bytes).
    Removing stm32f1xx_hal.o(.ARM.exidx.text.HAL_GetDEVID), (8 bytes).
    Removing stm32f1xx_hal.o(.text.HAL_GetUIDw0), (12 bytes).
    Removing stm32f1xx_hal.o(.ARM.exidx.text.HAL_GetUIDw0), (8 bytes).
    Removing stm32f1xx_hal.o(.text.HAL_GetUIDw1), (12 bytes).
    Removing stm32f1xx_hal.o(.ARM.exidx.text.HAL_GetUIDw1), (8 bytes).
    Removing stm32f1xx_hal.o(.text.HAL_GetUIDw2), (12 bytes).
    Removing stm32f1xx_hal.o(.ARM.exidx.text.HAL_GetUIDw2), (8 bytes).
    Removing stm32f1xx_hal.o(.text.HAL_DBGMCU_EnableDBGSleepMode), (18 bytes).
    Removing stm32f1xx_hal.o(.ARM.exidx.text.HAL_DBGMCU_EnableDBGSleepMode), (8 bytes).
    Removing stm32f1xx_hal.o(.text.HAL_DBGMCU_DisableDBGSleepMode), (18 bytes).
    Removing stm32f1xx_hal.o(.ARM.exidx.text.HAL_DBGMCU_DisableDBGSleepMode), (8 bytes).
    Removing stm32f1xx_hal.o(.text.HAL_DBGMCU_EnableDBGStopMode), (18 bytes).
    Removing stm32f1xx_hal.o(.ARM.exidx.text.HAL_DBGMCU_EnableDBGStopMode), (8 bytes).
    Removing stm32f1xx_hal.o(.text.HAL_DBGMCU_DisableDBGStopMode), (18 bytes).
    Removing stm32f1xx_hal.o(.ARM.exidx.text.HAL_DBGMCU_DisableDBGStopMode), (8 bytes).
    Removing stm32f1xx_hal.o(.text.HAL_DBGMCU_EnableDBGStandbyMode), (18 bytes).
    Removing stm32f1xx_hal.o(.ARM.exidx.text.HAL_DBGMCU_EnableDBGStandbyMode), (8 bytes).
    Removing stm32f1xx_hal.o(.text.HAL_DBGMCU_DisableDBGStandbyMode), (18 bytes).
    Removing stm32f1xx_hal.o(.ARM.exidx.text.HAL_DBGMCU_DisableDBGStandbyMode), (8 bytes).
    Removing stm32f1xx_hal_rcc.o(.text), (0 bytes).
    Removing stm32f1xx_hal_rcc.o(.text.HAL_RCC_DeInit), (234 bytes).
    Removing stm32f1xx_hal_rcc.o(.ARM.exidx.text.HAL_RCC_DeInit), (8 bytes).
    Removing stm32f1xx_hal_rcc.o(.ARM.exidx.text.HAL_RCC_OscConfig), (8 bytes).
    Removing stm32f1xx_hal_rcc.o(.ARM.exidx.text.HAL_RCC_ClockConfig), (8 bytes).
    Removing stm32f1xx_hal_rcc.o(.text.HAL_RCC_GetSysClockFreq), (86 bytes).
    Removing stm32f1xx_hal_rcc.o(.ARM.exidx.text.HAL_RCC_GetSysClockFreq), (8 bytes).
    Removing stm32f1xx_hal_rcc.o(.text.HAL_RCC_MCOConfig), (82 bytes).
    Removing stm32f1xx_hal_rcc.o(.ARM.exidx.text.HAL_RCC_MCOConfig), (8 bytes).
    Removing stm32f1xx_hal_rcc.o(.text.HAL_RCC_EnableCSS), (12 bytes).
    Removing stm32f1xx_hal_rcc.o(.ARM.exidx.text.HAL_RCC_EnableCSS), (8 bytes).
    Removing stm32f1xx_hal_rcc.o(.text.HAL_RCC_DisableCSS), (12 bytes).
    Removing stm32f1xx_hal_rcc.o(.ARM.exidx.text.HAL_RCC_DisableCSS), (8 bytes).
    Removing stm32f1xx_hal_rcc.o(.text.HAL_RCC_GetHCLKFreq), (12 bytes).
    Removing stm32f1xx_hal_rcc.o(.ARM.exidx.text.HAL_RCC_GetHCLKFreq), (8 bytes).
    Removing stm32f1xx_hal_rcc.o(.ARM.exidx.text.HAL_RCC_GetPCLK1Freq), (8 bytes).
    Removing stm32f1xx_hal_rcc.o(.ARM.exidx.text.HAL_RCC_GetPCLK2Freq), (8 bytes).
    Removing stm32f1xx_hal_rcc.o(.text.HAL_RCC_GetOscConfig), (124 bytes).
    Removing stm32f1xx_hal_rcc.o(.ARM.exidx.text.HAL_RCC_GetOscConfig), (8 bytes).
    Removing stm32f1xx_hal_rcc.o(.text.HAL_RCC_GetClockConfig), (66 bytes).
    Removing stm32f1xx_hal_rcc.o(.ARM.exidx.text.HAL_RCC_GetClockConfig), (8 bytes).
    Removing stm32f1xx_hal_rcc.o(.text.HAL_RCC_NMI_IRQHandler), (28 bytes).
    Removing stm32f1xx_hal_rcc.o(.ARM.exidx.text.HAL_RCC_NMI_IRQHandler), (8 bytes).
    Removing stm32f1xx_hal_rcc.o(.text.HAL_RCC_CSSCallback), (2 bytes).
    Removing stm32f1xx_hal_rcc.o(.ARM.exidx.text.HAL_RCC_CSSCallback), (8 bytes).
    Removing stm32f1xx_hal_rcc_ex.o(.text), (0 bytes).
    Removing stm32f1xx_hal_rcc_ex.o(.text.HAL_RCCEx_PeriphCLKConfig), (258 bytes).
    Removing stm32f1xx_hal_rcc_ex.o(.ARM.exidx.text.HAL_RCCEx_PeriphCLKConfig), (8 bytes).
    Removing stm32f1xx_hal_rcc_ex.o(.text.HAL_RCCEx_GetPeriphCLKConfig), (38 bytes).
    Removing stm32f1xx_hal_rcc_ex.o(.ARM.exidx.text.HAL_RCCEx_GetPeriphCLKConfig), (8 bytes).
    Removing stm32f1xx_hal_rcc_ex.o(.text.HAL_RCCEx_GetPeriphCLKFreq), (248 bytes).
    Removing stm32f1xx_hal_rcc_ex.o(.ARM.exidx.text.HAL_RCCEx_GetPeriphCLKFreq), (8 bytes).
    Removing stm32f1xx_hal_gpio.o(.text), (0 bytes).
    Removing stm32f1xx_hal_gpio.o(.ARM.exidx.text.HAL_GPIO_Init), (8 bytes).
    Removing stm32f1xx_hal_gpio.o(.text.HAL_GPIO_DeInit), (276 bytes).
    Removing stm32f1xx_hal_gpio.o(.ARM.exidx.text.HAL_GPIO_DeInit), (8 bytes).
    Removing stm32f1xx_hal_gpio.o(.text.HAL_GPIO_ReadPin), (10 bytes).
    Removing stm32f1xx_hal_gpio.o(.ARM.exidx.text.HAL_GPIO_ReadPin), (8 bytes).
    Removing stm32f1xx_hal_gpio.o(.text.HAL_GPIO_WritePin), (10 bytes).
    Removing stm32f1xx_hal_gpio.o(.ARM.exidx.text.HAL_GPIO_WritePin), (8 bytes).
    Removing stm32f1xx_hal_gpio.o(.text.HAL_GPIO_TogglePin), (16 bytes).
    Removing stm32f1xx_hal_gpio.o(.ARM.exidx.text.HAL_GPIO_TogglePin), (8 bytes).
    Removing stm32f1xx_hal_gpio.o(.text.HAL_GPIO_LockPin), (44 bytes).
    Removing stm32f1xx_hal_gpio.o(.ARM.exidx.text.HAL_GPIO_LockPin), (8 bytes).
    Removing stm32f1xx_hal_gpio.o(.text.HAL_GPIO_EXTI_IRQHandler), (22 bytes).
    Removing stm32f1xx_hal_gpio.o(.ARM.exidx.text.HAL_GPIO_EXTI_IRQHandler), (8 bytes).
    Removing stm32f1xx_hal_gpio.o(.text.HAL_GPIO_EXTI_Callback), (2 bytes).
    Removing stm32f1xx_hal_gpio.o(.ARM.exidx.text.HAL_GPIO_EXTI_Callback), (8 bytes).
    Removing stm32f1xx_hal_dma.o(.text), (0 bytes).
    Removing stm32f1xx_hal_dma.o(.text.HAL_DMA_Init), (132 bytes).
    Removing stm32f1xx_hal_dma.o(.ARM.exidx.text.HAL_DMA_Init), (8 bytes).
    Removing stm32f1xx_hal_dma.o(.text.HAL_DMA_DeInit), (100 bytes).
    Removing stm32f1xx_hal_dma.o(.ARM.exidx.text.HAL_DMA_DeInit), (8 bytes).
    Removing stm32f1xx_hal_dma.o(.text.HAL_DMA_Start), (116 bytes).
    Removing stm32f1xx_hal_dma.o(.ARM.exidx.text.HAL_DMA_Start), (8 bytes).
    Removing stm32f1xx_hal_dma.o(.text.HAL_DMA_Start_IT), (160 bytes).
    Removing stm32f1xx_hal_dma.o(.ARM.exidx.text.HAL_DMA_Start_IT), (8 bytes).
    Removing stm32f1xx_hal_dma.o(.ARM.exidx.text.HAL_DMA_Abort), (8 bytes).
    Removing stm32f1xx_hal_dma.o(.ARM.exidx.text.HAL_DMA_Abort_IT), (8 bytes).
    Removing stm32f1xx_hal_dma.o(.text.HAL_DMA_PollForTransfer), (1458 bytes).
    Removing stm32f1xx_hal_dma.o(.ARM.exidx.text.HAL_DMA_PollForTransfer), (8 bytes).
    Removing stm32f1xx_hal_dma.o(.text.HAL_DMA_IRQHandler), (416 bytes).
    Removing stm32f1xx_hal_dma.o(.ARM.exidx.text.HAL_DMA_IRQHandler), (8 bytes).
    Removing stm32f1xx_hal_dma.o(.text.HAL_DMA_RegisterCallback), (50 bytes).
    Removing stm32f1xx_hal_dma.o(.ARM.exidx.text.HAL_DMA_RegisterCallback), (8 bytes).
    Removing stm32f1xx_hal_dma.o(.text.HAL_DMA_UnRegisterCallback), (122 bytes).
    Removing stm32f1xx_hal_dma.o(.ARM.exidx.text.HAL_DMA_UnRegisterCallback), (8 bytes).
    Removing stm32f1xx_hal_dma.o(.text.HAL_DMA_GetState), (6 bytes).
    Removing stm32f1xx_hal_dma.o(.ARM.exidx.text.HAL_DMA_GetState), (8 bytes).
    Removing stm32f1xx_hal_dma.o(.text.HAL_DMA_GetError), (4 bytes).
    Removing stm32f1xx_hal_dma.o(.ARM.exidx.text.HAL_DMA_GetError), (8 bytes).
    Removing stm32f1xx_hal_cortex.o(.text), (0 bytes).
    Removing stm32f1xx_hal_cortex.o(.ARM.exidx.text.HAL_NVIC_SetPriorityGrouping), (8 bytes).
    Removing stm32f1xx_hal_cortex.o(.ARM.exidx.text.HAL_NVIC_SetPriority), (8 bytes).
    Removing stm32f1xx_hal_cortex.o(.ARM.exidx.text.HAL_NVIC_EnableIRQ), (8 bytes).
    Removing stm32f1xx_hal_cortex.o(.text.HAL_NVIC_DisableIRQ), (42 bytes).
    Removing stm32f1xx_hal_cortex.o(.ARM.exidx.text.HAL_NVIC_DisableIRQ), (8 bytes).
    Removing stm32f1xx_hal_cortex.o(.text.HAL_NVIC_SystemReset), (4 bytes).
    Removing stm32f1xx_hal_cortex.o(.ARM.exidx.text.HAL_NVIC_SystemReset), (8 bytes).
    Removing stm32f1xx_hal_cortex.o(.text.__NVIC_SystemReset), (42 bytes).
    Removing stm32f1xx_hal_cortex.o(.ARM.exidx.text.__NVIC_SystemReset), (8 bytes).
    Removing stm32f1xx_hal_cortex.o(.ARM.exidx.text.HAL_SYSTICK_Config), (8 bytes).
    Removing stm32f1xx_hal_cortex.o(.text.HAL_NVIC_GetPriorityGrouping), (16 bytes).
    Removing stm32f1xx_hal_cortex.o(.ARM.exidx.text.HAL_NVIC_GetPriorityGrouping), (8 bytes).
    Removing stm32f1xx_hal_cortex.o(.text.HAL_NVIC_GetPriority), (88 bytes).
    Removing stm32f1xx_hal_cortex.o(.ARM.exidx.text.HAL_NVIC_GetPriority), (8 bytes).
    Removing stm32f1xx_hal_cortex.o(.text.HAL_NVIC_SetPendingIRQ), (34 bytes).
    Removing stm32f1xx_hal_cortex.o(.ARM.exidx.text.HAL_NVIC_SetPendingIRQ), (8 bytes).
    Removing stm32f1xx_hal_cortex.o(.text.HAL_NVIC_GetPendingIRQ), (38 bytes).
    Removing stm32f1xx_hal_cortex.o(.ARM.exidx.text.HAL_NVIC_GetPendingIRQ), (8 bytes).
    Removing stm32f1xx_hal_cortex.o(.text.HAL_NVIC_ClearPendingIRQ), (34 bytes).
    Removing stm32f1xx_hal_cortex.o(.ARM.exidx.text.HAL_NVIC_ClearPendingIRQ), (8 bytes).
    Removing stm32f1xx_hal_cortex.o(.text.HAL_NVIC_GetActive), (38 bytes).
    Removing stm32f1xx_hal_cortex.o(.ARM.exidx.text.HAL_NVIC_GetActive), (8 bytes).
    Removing stm32f1xx_hal_cortex.o(.text.HAL_SYSTICK_CLKSourceConfig), (24 bytes).
    Removing stm32f1xx_hal_cortex.o(.ARM.exidx.text.HAL_SYSTICK_CLKSourceConfig), (8 bytes).
    Removing stm32f1xx_hal_cortex.o(.text.HAL_SYSTICK_IRQHandler), (4 bytes).
    Removing stm32f1xx_hal_cortex.o(.ARM.exidx.text.HAL_SYSTICK_IRQHandler), (8 bytes).
    Removing stm32f1xx_hal_cortex.o(.text.HAL_SYSTICK_Callback), (2 bytes).
    Removing stm32f1xx_hal_cortex.o(.ARM.exidx.text.HAL_SYSTICK_Callback), (8 bytes).
    Removing stm32f1xx_hal_pwr.o(.text), (0 bytes).
    Removing stm32f1xx_hal_pwr.o(.text.HAL_PWR_DeInit), (26 bytes).
    Removing stm32f1xx_hal_pwr.o(.ARM.exidx.text.HAL_PWR_DeInit), (8 bytes).
    Removing stm32f1xx_hal_pwr.o(.text.HAL_PWR_EnableBkUpAccess), (12 bytes).
    Removing stm32f1xx_hal_pwr.o(.ARM.exidx.text.HAL_PWR_EnableBkUpAccess), (8 bytes).
    Removing stm32f1xx_hal_pwr.o(.text.HAL_PWR_DisableBkUpAccess), (12 bytes).
    Removing stm32f1xx_hal_pwr.o(.ARM.exidx.text.HAL_PWR_DisableBkUpAccess), (8 bytes).
    Removing stm32f1xx_hal_pwr.o(.text.HAL_PWR_ConfigPVD), (130 bytes).
    Removing stm32f1xx_hal_pwr.o(.ARM.exidx.text.HAL_PWR_ConfigPVD), (8 bytes).
    Removing stm32f1xx_hal_pwr.o(.text.HAL_PWR_EnablePVD), (12 bytes).
    Removing stm32f1xx_hal_pwr.o(.ARM.exidx.text.HAL_PWR_EnablePVD), (8 bytes).
    Removing stm32f1xx_hal_pwr.o(.text.HAL_PWR_DisablePVD), (12 bytes).
    Removing stm32f1xx_hal_pwr.o(.ARM.exidx.text.HAL_PWR_DisablePVD), (8 bytes).
    Removing stm32f1xx_hal_pwr.o(.text.HAL_PWR_EnableWakeUpPin), (22 bytes).
    Removing stm32f1xx_hal_pwr.o(.ARM.exidx.text.HAL_PWR_EnableWakeUpPin), (8 bytes).
    Removing stm32f1xx_hal_pwr.o(.text.HAL_PWR_DisableWakeUpPin), (22 bytes).
    Removing stm32f1xx_hal_pwr.o(.ARM.exidx.text.HAL_PWR_DisableWakeUpPin), (8 bytes).
    Removing stm32f1xx_hal_pwr.o(.text.HAL_PWR_EnterSLEEPMode), (30 bytes).
    Removing stm32f1xx_hal_pwr.o(.ARM.exidx.text.HAL_PWR_EnterSLEEPMode), (8 bytes).
    Removing stm32f1xx_hal_pwr.o(.text.HAL_PWR_EnterSTOPMode), (80 bytes).
    Removing stm32f1xx_hal_pwr.o(.ARM.exidx.text.HAL_PWR_EnterSTOPMode), (8 bytes).
    Removing stm32f1xx_hal_pwr.o(.text.PWR_OverloadWfe), (6 bytes).
    Removing stm32f1xx_hal_pwr.o(.ARM.exidx.text.PWR_OverloadWfe), (8 bytes).
    Removing stm32f1xx_hal_pwr.o(.text.HAL_PWR_EnterSTANDBYMode), (36 bytes).
    Removing stm32f1xx_hal_pwr.o(.ARM.exidx.text.HAL_PWR_EnterSTANDBYMode), (8 bytes).
    Removing stm32f1xx_hal_pwr.o(.text.HAL_PWR_EnableSleepOnExit), (18 bytes).
    Removing stm32f1xx_hal_pwr.o(.ARM.exidx.text.HAL_PWR_EnableSleepOnExit), (8 bytes).
    Removing stm32f1xx_hal_pwr.o(.text.HAL_PWR_DisableSleepOnExit), (18 bytes).
    Removing stm32f1xx_hal_pwr.o(.ARM.exidx.text.HAL_PWR_DisableSleepOnExit), (8 bytes).
    Removing stm32f1xx_hal_pwr.o(.text.HAL_PWR_EnableSEVOnPend), (18 bytes).
    Removing stm32f1xx_hal_pwr.o(.ARM.exidx.text.HAL_PWR_EnableSEVOnPend), (8 bytes).
    Removing stm32f1xx_hal_pwr.o(.text.HAL_PWR_DisableSEVOnPend), (18 bytes).
    Removing stm32f1xx_hal_pwr.o(.ARM.exidx.text.HAL_PWR_DisableSEVOnPend), (8 bytes).
    Removing stm32f1xx_hal_pwr.o(.text.HAL_PWR_PVD_IRQHandler), (30 bytes).
    Removing stm32f1xx_hal_pwr.o(.ARM.exidx.text.HAL_PWR_PVD_IRQHandler), (8 bytes).
    Removing stm32f1xx_hal_pwr.o(.text.HAL_PWR_PVDCallback), (2 bytes).
    Removing stm32f1xx_hal_pwr.o(.ARM.exidx.text.HAL_PWR_PVDCallback), (8 bytes).
    Removing stm32f1xx_hal_flash.o(.text), (0 bytes).
    Removing stm32f1xx_hal_flash.o(.text.HAL_FLASH_Program), (278 bytes).
    Removing stm32f1xx_hal_flash.o(.ARM.exidx.text.HAL_FLASH_Program), (8 bytes).
    Removing stm32f1xx_hal_flash.o(.text.FLASH_WaitForLastOperation), (198 bytes).
    Removing stm32f1xx_hal_flash.o(.ARM.exidx.text.FLASH_WaitForLastOperation), (8 bytes).
    Removing stm32f1xx_hal_flash.o(.text.HAL_FLASH_Program_IT), (92 bytes).
    Removing stm32f1xx_hal_flash.o(.ARM.exidx.text.HAL_FLASH_Program_IT), (8 bytes).
    Removing stm32f1xx_hal_flash.o(.text.HAL_FLASH_IRQHandler), (368 bytes).
    Removing stm32f1xx_hal_flash.o(.ARM.exidx.text.HAL_FLASH_IRQHandler), (8 bytes).
    Removing stm32f1xx_hal_flash.o(.text.HAL_FLASH_OperationErrorCallback), (2 bytes).
    Removing stm32f1xx_hal_flash.o(.ARM.exidx.text.HAL_FLASH_OperationErrorCallback), (8 bytes).
    Removing stm32f1xx_hal_flash.o(.text.HAL_FLASH_EndOfOperationCallback), (2 bytes).
    Removing stm32f1xx_hal_flash.o(.ARM.exidx.text.HAL_FLASH_EndOfOperationCallback), (8 bytes).
    Removing stm32f1xx_hal_flash.o(.text.HAL_FLASH_Unlock), (46 bytes).
    Removing stm32f1xx_hal_flash.o(.ARM.exidx.text.HAL_FLASH_Unlock), (8 bytes).
    Removing stm32f1xx_hal_flash.o(.text.HAL_FLASH_Lock), (20 bytes).
    Removing stm32f1xx_hal_flash.o(.ARM.exidx.text.HAL_FLASH_Lock), (8 bytes).
    Removing stm32f1xx_hal_flash.o(.text.HAL_FLASH_OB_Unlock), (42 bytes).
    Removing stm32f1xx_hal_flash.o(.ARM.exidx.text.HAL_FLASH_OB_Unlock), (8 bytes).
    Removing stm32f1xx_hal_flash.o(.text.HAL_FLASH_OB_Lock), (20 bytes).
    Removing stm32f1xx_hal_flash.o(.ARM.exidx.text.HAL_FLASH_OB_Lock), (8 bytes).
    Removing stm32f1xx_hal_flash.o(.text.HAL_FLASH_OB_Launch), (4 bytes).
    Removing stm32f1xx_hal_flash.o(.ARM.exidx.text.HAL_FLASH_OB_Launch), (8 bytes).
    Removing stm32f1xx_hal_flash.o(.text.HAL_FLASH_GetError), (12 bytes).
    Removing stm32f1xx_hal_flash.o(.ARM.exidx.text.HAL_FLASH_GetError), (8 bytes).
    Removing stm32f1xx_hal_flash.o(.bss.pFlash), (32 bytes).
    Removing stm32f1xx_hal_flash_ex.o(.text), (0 bytes).
    Removing stm32f1xx_hal_flash_ex.o(.text.HAL_FLASHEx_Erase), (238 bytes).
    Removing stm32f1xx_hal_flash_ex.o(.ARM.exidx.text.HAL_FLASHEx_Erase), (8 bytes).
    Removing stm32f1xx_hal_flash_ex.o(.text.FLASH_PageErase), (40 bytes).
    Removing stm32f1xx_hal_flash_ex.o(.ARM.exidx.text.FLASH_PageErase), (8 bytes).
    Removing stm32f1xx_hal_flash_ex.o(.text.HAL_FLASHEx_Erase_IT), (98 bytes).
    Removing stm32f1xx_hal_flash_ex.o(.ARM.exidx.text.HAL_FLASHEx_Erase_IT), (8 bytes).
    Removing stm32f1xx_hal_flash_ex.o(.text.HAL_FLASHEx_OBErase), (172 bytes).
    Removing stm32f1xx_hal_flash_ex.o(.ARM.exidx.text.HAL_FLASHEx_OBErase), (8 bytes).
    Removing stm32f1xx_hal_flash_ex.o(.text.HAL_FLASHEx_OBProgram), (722 bytes).
    Removing stm32f1xx_hal_flash_ex.o(.ARM.exidx.text.HAL_FLASHEx_OBProgram), (8 bytes).
    Removing stm32f1xx_hal_flash_ex.o(.text.HAL_FLASHEx_OBGetConfig), (42 bytes).
    Removing stm32f1xx_hal_flash_ex.o(.ARM.exidx.text.HAL_FLASHEx_OBGetConfig), (8 bytes).
    Removing stm32f1xx_hal_flash_ex.o(.text.HAL_FLASHEx_OBGetUserData), (34 bytes).
    Removing stm32f1xx_hal_flash_ex.o(.ARM.exidx.text.HAL_FLASHEx_OBGetUserData), (8 bytes).
    Removing stm32f1xx_hal_exti.o(.text), (0 bytes).
    Removing stm32f1xx_hal_exti.o(.text.HAL_EXTI_SetConfigLine), (186 bytes).
    Removing stm32f1xx_hal_exti.o(.ARM.exidx.text.HAL_EXTI_SetConfigLine), (8 bytes).
    Removing stm32f1xx_hal_exti.o(.text.HAL_EXTI_GetConfigLine), (148 bytes).
    Removing stm32f1xx_hal_exti.o(.ARM.exidx.text.HAL_EXTI_GetConfigLine), (8 bytes).
    Removing stm32f1xx_hal_exti.o(.text.HAL_EXTI_ClearConfigLine), (140 bytes).
    Removing stm32f1xx_hal_exti.o(.ARM.exidx.text.HAL_EXTI_ClearConfigLine), (8 bytes).
    Removing stm32f1xx_hal_exti.o(.text.HAL_EXTI_RegisterCallback), (12 bytes).
    Removing stm32f1xx_hal_exti.o(.ARM.exidx.text.HAL_EXTI_RegisterCallback), (8 bytes).
    Removing stm32f1xx_hal_exti.o(.text.HAL_EXTI_GetHandle), (12 bytes).
    Removing stm32f1xx_hal_exti.o(.ARM.exidx.text.HAL_EXTI_GetHandle), (8 bytes).
    Removing stm32f1xx_hal_exti.o(.text.HAL_EXTI_IRQHandler), (42 bytes).
    Removing stm32f1xx_hal_exti.o(.ARM.exidx.text.HAL_EXTI_IRQHandler), (8 bytes).
    Removing stm32f1xx_hal_exti.o(.text.HAL_EXTI_GetPending), (26 bytes).
    Removing stm32f1xx_hal_exti.o(.ARM.exidx.text.HAL_EXTI_GetPending), (8 bytes).
    Removing stm32f1xx_hal_exti.o(.text.HAL_EXTI_ClearPending), (24 bytes).
    Removing stm32f1xx_hal_exti.o(.ARM.exidx.text.HAL_EXTI_ClearPending), (8 bytes).
    Removing stm32f1xx_hal_exti.o(.text.HAL_EXTI_GenerateSWI), (24 bytes).
    Removing stm32f1xx_hal_exti.o(.ARM.exidx.text.HAL_EXTI_GenerateSWI), (8 bytes).
    Removing stm32f1xx_hal_uart.o(.text), (0 bytes).
    Removing stm32f1xx_hal_uart.o(.ARM.exidx.text.HAL_UART_Init), (8 bytes).
    Removing stm32f1xx_hal_uart.o(.text.HAL_UART_MspInit), (2 bytes).
    Removing stm32f1xx_hal_uart.o(.ARM.exidx.text.HAL_UART_MspInit), (8 bytes).
    Removing stm32f1xx_hal_uart.o(.text.HAL_HalfDuplex_Init), (234 bytes).
    Removing stm32f1xx_hal_uart.o(.ARM.exidx.text.HAL_HalfDuplex_Init), (8 bytes).
    Removing stm32f1xx_hal_uart.o(.text.HAL_LIN_Init), (248 bytes).
    Removing stm32f1xx_hal_uart.o(.ARM.exidx.text.HAL_LIN_Init), (8 bytes).
    Removing stm32f1xx_hal_uart.o(.text.HAL_MultiProcessor_Init), (260 bytes).
    Removing stm32f1xx_hal_uart.o(.ARM.exidx.text.HAL_MultiProcessor_Init), (8 bytes).
    Removing stm32f1xx_hal_uart.o(.text.HAL_UART_DeInit), (54 bytes).
    Removing stm32f1xx_hal_uart.o(.ARM.exidx.text.HAL_UART_DeInit), (8 bytes).
    Removing stm32f1xx_hal_uart.o(.text.HAL_UART_MspDeInit), (2 bytes).
    Removing stm32f1xx_hal_uart.o(.ARM.exidx.text.HAL_UART_MspDeInit), (8 bytes).
    Removing stm32f1xx_hal_uart.o(.ARM.exidx.text.HAL_UART_Transmit), (8 bytes).
    Removing stm32f1xx_hal_uart.o(.text.HAL_UART_Receive), (558 bytes).
    Removing stm32f1xx_hal_uart.o(.ARM.exidx.text.HAL_UART_Receive), (8 bytes).
    Removing stm32f1xx_hal_uart.o(.text.HAL_UART_Transmit_IT), (62 bytes).
    Removing stm32f1xx_hal_uart.o(.ARM.exidx.text.HAL_UART_Transmit_IT), (8 bytes).
    Removing stm32f1xx_hal_uart.o(.ARM.exidx.text.HAL_UART_Receive_IT), (8 bytes).
    Removing stm32f1xx_hal_uart.o(.text.UART_Start_Receive_IT), (50 bytes).
    Removing stm32f1xx_hal_uart.o(.ARM.exidx.text.UART_Start_Receive_IT), (8 bytes).
    Removing stm32f1xx_hal_uart.o(.text.HAL_UART_Transmit_DMA), (194 bytes).
    Removing stm32f1xx_hal_uart.o(.ARM.exidx.text.HAL_UART_Transmit_DMA), (8 bytes).
    Removing stm32f1xx_hal_uart.o(.text.UART_DMATransmitCplt), (176 bytes).
    Removing stm32f1xx_hal_uart.o(.ARM.exidx.text.UART_DMATransmitCplt), (8 bytes).
    Removing stm32f1xx_hal_uart.o(.text.UART_DMATxHalfCplt), (6 bytes).
    Removing stm32f1xx_hal_uart.o(.ARM.exidx.text.UART_DMATxHalfCplt), (8 bytes).
    Removing stm32f1xx_hal_uart.o(.text.UART_DMAError), (380 bytes).
    Removing stm32f1xx_hal_uart.o(.ARM.exidx.text.UART_DMAError), (8 bytes).
    Removing stm32f1xx_hal_uart.o(.text.HAL_UART_Receive_DMA), (364 bytes).
    Removing stm32f1xx_hal_uart.o(.ARM.exidx.text.HAL_UART_Receive_DMA), (8 bytes).
    Removing stm32f1xx_hal_uart.o(.text.UART_Start_Receive_DMA), (316 bytes).
    Removing stm32f1xx_hal_uart.o(.ARM.exidx.text.UART_Start_Receive_DMA), (8 bytes).
    Removing stm32f1xx_hal_uart.o(.text.HAL_UART_DMAPause), (342 bytes).
    Removing stm32f1xx_hal_uart.o(.ARM.exidx.text.HAL_UART_DMAPause), (8 bytes).
    Removing stm32f1xx_hal_uart.o(.text.HAL_UART_DMAResume), (348 bytes).
    Removing stm32f1xx_hal_uart.o(.ARM.exidx.text.HAL_UART_DMAResume), (8 bytes).
    Removing stm32f1xx_hal_uart.o(.text.HAL_UART_DMAStop), (540 bytes).
    Removing stm32f1xx_hal_uart.o(.ARM.exidx.text.HAL_UART_DMAStop), (8 bytes).
    Removing stm32f1xx_hal_uart.o(.text.HAL_UARTEx_ReceiveToIdle), (478 bytes).
    Removing stm32f1xx_hal_uart.o(.ARM.exidx.text.HAL_UARTEx_ReceiveToIdle), (8 bytes).
    Removing stm32f1xx_hal_uart.o(.text.HAL_UARTEx_ReceiveToIdle_IT), (200 bytes).
    Removing stm32f1xx_hal_uart.o(.ARM.exidx.text.HAL_UARTEx_ReceiveToIdle_IT), (8 bytes).
    Removing stm32f1xx_hal_uart.o(.text.HAL_UARTEx_ReceiveToIdle_DMA), (484 bytes).
    Removing stm32f1xx_hal_uart.o(.ARM.exidx.text.HAL_UARTEx_ReceiveToIdle_DMA), (8 bytes).
    Removing stm32f1xx_hal_uart.o(.text.HAL_UARTEx_GetRxEventType), (4 bytes).
    Removing stm32f1xx_hal_uart.o(.ARM.exidx.text.HAL_UARTEx_GetRxEventType), (8 bytes).
    Removing stm32f1xx_hal_uart.o(.text.HAL_UART_Abort), (482 bytes).
    Removing stm32f1xx_hal_uart.o(.ARM.exidx.text.HAL_UART_Abort), (8 bytes).
    Removing stm32f1xx_hal_uart.o(.text.HAL_UART_AbortTransmit), (208 bytes).
    Removing stm32f1xx_hal_uart.o(.ARM.exidx.text.HAL_UART_AbortTransmit), (8 bytes).
    Removing stm32f1xx_hal_uart.o(.text.HAL_UART_AbortReceive), (366 bytes).
    Removing stm32f1xx_hal_uart.o(.ARM.exidx.text.HAL_UART_AbortReceive), (8 bytes).
    Removing stm32f1xx_hal_uart.o(.text.HAL_UART_Abort_IT), (516 bytes).
    Removing stm32f1xx_hal_uart.o(.ARM.exidx.text.HAL_UART_Abort_IT), (8 bytes).
    Removing stm32f1xx_hal_uart.o(.text.UART_DMATxAbortCallback), (42 bytes).
    Removing stm32f1xx_hal_uart.o(.ARM.exidx.text.UART_DMATxAbortCallback), (8 bytes).
    Removing stm32f1xx_hal_uart.o(.text.UART_DMARxAbortCallback), (42 bytes).
    Removing stm32f1xx_hal_uart.o(.ARM.exidx.text.UART_DMARxAbortCallback), (8 bytes).
    Removing stm32f1xx_hal_uart.o(.text.HAL_UART_AbortCpltCallback), (2 bytes).
    Removing stm32f1xx_hal_uart.o(.ARM.exidx.text.HAL_UART_AbortCpltCallback), (8 bytes).
    Removing stm32f1xx_hal_uart.o(.text.HAL_UART_AbortTransmit_IT), (214 bytes).
    Removing stm32f1xx_hal_uart.o(.ARM.exidx.text.HAL_UART_AbortTransmit_IT), (8 bytes).
    Removing stm32f1xx_hal_uart.o(.text.UART_DMATxOnlyAbortCallback), (16 bytes).
    Removing stm32f1xx_hal_uart.o(.ARM.exidx.text.UART_DMATxOnlyAbortCallback), (8 bytes).
    Removing stm32f1xx_hal_uart.o(.text.HAL_UART_AbortTransmitCpltCallback), (2 bytes).
    Removing stm32f1xx_hal_uart.o(.ARM.exidx.text.HAL_UART_AbortTransmitCpltCallback), (8 bytes).
    Removing stm32f1xx_hal_uart.o(.text.HAL_UART_AbortReceive_IT), (372 bytes).
    Removing stm32f1xx_hal_uart.o(.ARM.exidx.text.HAL_UART_AbortReceive_IT), (8 bytes).
    Removing stm32f1xx_hal_uart.o(.text.UART_DMARxOnlyAbortCallback), (18 bytes).
    Removing stm32f1xx_hal_uart.o(.ARM.exidx.text.UART_DMARxOnlyAbortCallback), (8 bytes).
    Removing stm32f1xx_hal_uart.o(.text.HAL_UART_AbortReceiveCpltCallback), (2 bytes).
    Removing stm32f1xx_hal_uart.o(.ARM.exidx.text.HAL_UART_AbortReceiveCpltCallback), (8 bytes).
    Removing stm32f1xx_hal_uart.o(.ARM.exidx.text.HAL_UART_IRQHandler), (8 bytes).
    Removing stm32f1xx_hal_uart.o(.ARM.exidx.text.UART_Receive_IT), (8 bytes).
    Removing stm32f1xx_hal_uart.o(.ARM.exidx.text.UART_DMAAbortOnError), (8 bytes).
    Removing stm32f1xx_hal_uart.o(.ARM.exidx.text.HAL_UART_ErrorCallback), (8 bytes).
    Removing stm32f1xx_hal_uart.o(.ARM.exidx.text.HAL_UARTEx_RxEventCallback), (8 bytes).
    Removing stm32f1xx_hal_uart.o(.ARM.exidx.text.HAL_UART_TxCpltCallback), (8 bytes).
    Removing stm32f1xx_hal_uart.o(.text.HAL_UART_TxHalfCpltCallback), (2 bytes).
    Removing stm32f1xx_hal_uart.o(.ARM.exidx.text.HAL_UART_TxHalfCpltCallback), (8 bytes).
    Removing stm32f1xx_hal_uart.o(.text.HAL_UART_RxCpltCallback), (2 bytes).
    Removing stm32f1xx_hal_uart.o(.ARM.exidx.text.HAL_UART_RxCpltCallback), (8 bytes).
    Removing stm32f1xx_hal_uart.o(.text.HAL_UART_RxHalfCpltCallback), (2 bytes).
    Removing stm32f1xx_hal_uart.o(.ARM.exidx.text.HAL_UART_RxHalfCpltCallback), (8 bytes).
    Removing stm32f1xx_hal_uart.o(.text.HAL_LIN_SendBreak), (114 bytes).
    Removing stm32f1xx_hal_uart.o(.ARM.exidx.text.HAL_LIN_SendBreak), (8 bytes).
    Removing stm32f1xx_hal_uart.o(.text.HAL_MultiProcessor_EnterMuteMode), (116 bytes).
    Removing stm32f1xx_hal_uart.o(.ARM.exidx.text.HAL_MultiProcessor_EnterMuteMode), (8 bytes).
    Removing stm32f1xx_hal_uart.o(.text.HAL_MultiProcessor_ExitMuteMode), (116 bytes).
    Removing stm32f1xx_hal_uart.o(.ARM.exidx.text.HAL_MultiProcessor_ExitMuteMode), (8 bytes).
    Removing stm32f1xx_hal_uart.o(.text.HAL_HalfDuplex_EnableTransmitter), (44 bytes).
    Removing stm32f1xx_hal_uart.o(.ARM.exidx.text.HAL_HalfDuplex_EnableTransmitter), (8 bytes).
    Removing stm32f1xx_hal_uart.o(.text.HAL_HalfDuplex_EnableReceiver), (46 bytes).
    Removing stm32f1xx_hal_uart.o(.ARM.exidx.text.HAL_HalfDuplex_EnableReceiver), (8 bytes).
    Removing stm32f1xx_hal_uart.o(.text.HAL_UART_GetState), (14 bytes).
    Removing stm32f1xx_hal_uart.o(.ARM.exidx.text.HAL_UART_GetState), (8 bytes).
    Removing stm32f1xx_hal_uart.o(.text.HAL_UART_GetError), (4 bytes).
    Removing stm32f1xx_hal_uart.o(.ARM.exidx.text.HAL_UART_GetError), (8 bytes).
    Removing stm32f1xx_hal_uart.o(.text.UART_DMAReceiveCplt), (350 bytes).
    Removing stm32f1xx_hal_uart.o(.ARM.exidx.text.UART_DMAReceiveCplt), (8 bytes).
    Removing stm32f1xx_hal_uart.o(.text.UART_DMARxHalfCplt), (24 bytes).
    Removing stm32f1xx_hal_uart.o(.ARM.exidx.text.UART_DMARxHalfCplt), (8 bytes).
    Removing system_stm32f1xx.o(.text), (0 bytes).
    Removing system_stm32f1xx.o(.ARM.exidx.text.SystemInit), (8 bytes).
    Removing system_stm32f1xx.o(.text.SystemCoreClockUpdate), (92 bytes).
    Removing system_stm32f1xx.o(.ARM.exidx.text.SystemCoreClockUpdate), (8 bytes).

745 unused section(s) (total 41956 bytes) removed from the image.

==============================================================================

Image Symbol Table

    Local Symbols

    Symbol Name                              Value     Ov Type        Size  Object(Section)

    ../clib/microlib/init/entry.s            0x00000000   Number         0  entry.o ABSOLUTE
    ../clib/microlib/init/entry.s            0x00000000   Number         0  entry2.o ABSOLUTE
    ../clib/microlib/init/entry.s            0x00000000   Number         0  entry5.o ABSOLUTE
    ../clib/microlib/init/entry.s            0x00000000   Number         0  entry7a.o ABSOLUTE
    ../clib/microlib/init/entry.s            0x00000000   Number         0  entry7b.o ABSOLUTE
    ../clib/microlib/init/entry.s            0x00000000   Number         0  entry8a.o ABSOLUTE
    ../clib/microlib/init/entry.s            0x00000000   Number         0  entry8b.o ABSOLUTE
    ../clib/microlib/init/entry.s            0x00000000   Number         0  entry9a.o ABSOLUTE
    ../clib/microlib/init/entry.s            0x00000000   Number         0  entry9b.o ABSOLUTE
    ../clib/microlib/init/entry.s            0x00000000   Number         0  entry10a.o ABSOLUTE
    ../clib/microlib/init/entry.s            0x00000000   Number         0  entry10b.o ABSOLUTE
    ../clib/microlib/init/entry.s            0x00000000   Number         0  entry11a.o ABSOLUTE
    ../clib/microlib/init/entry.s            0x00000000   Number         0  entry11b.o ABSOLUTE
    ../clib/microlib/string/memcpy.c         0x00000000   Number         0  memcpya.o ABSOLUTE
    ../clib/microlib/string/memcpy.c         0x00000000   Number         0  memcpyb.o ABSOLUTE
    build_check.c                            0x00000000   Number         0  build_check.o ABSOLUTE
    dc.s                                     0x00000000   Number         0  dc.o ABSOLUTE
    flash_config.c                           0x00000000   Number         0  flash_config.o ABSOLUTE
    handlers.s                               0x00000000   Number         0  handlers.o ABSOLUTE
    init.c                                   0x00000000   Number         0  init.o ABSOLUTE
    init.s                                   0x00000000   Number         0  init.o ABSOLUTE
    main.c                                   0x00000000   Number         0  main.o ABSOLUTE
    protocol.c                               0x00000000   Number         0  protocol.o ABSOLUTE
    startup_stm32f103xb.s                    0x00000000   Number         0  startup_stm32f103xb.o ABSOLUTE
    stm32f1xx_hal.c                          0x00000000   Number         0  stm32f1xx_hal.o ABSOLUTE
    stm32f1xx_hal_cortex.c                   0x00000000   Number         0  stm32f1xx_hal_cortex.o ABSOLUTE
    stm32f1xx_hal_dma.c                      0x00000000   Number         0  stm32f1xx_hal_dma.o ABSOLUTE
    stm32f1xx_hal_exti.c                     0x00000000   Number         0  stm32f1xx_hal_exti.o ABSOLUTE
    stm32f1xx_hal_flash.c                    0x00000000   Number         0  stm32f1xx_hal_flash.o ABSOLUTE
    stm32f1xx_hal_flash_ex.c                 0x00000000   Number         0  stm32f1xx_hal_flash_ex.o ABSOLUTE
    stm32f1xx_hal_gpio.c                     0x00000000   Number         0  stm32f1xx_hal_gpio.o ABSOLUTE
    stm32f1xx_hal_gpio_ex.c                  0x00000000   Number         0  stm32f1xx_hal_gpio_ex.o ABSOLUTE
    stm32f1xx_hal_msp.c                      0x00000000   Number         0  stm32f1xx_hal_msp.o ABSOLUTE
    stm32f1xx_hal_pwr.c                      0x00000000   Number         0  stm32f1xx_hal_pwr.o ABSOLUTE
    stm32f1xx_hal_rcc.c                      0x00000000   Number         0  stm32f1xx_hal_rcc.o ABSOLUTE
    stm32f1xx_hal_rcc_ex.c                   0x00000000   Number         0  stm32f1xx_hal_rcc_ex.o ABSOLUTE
    stm32f1xx_hal_tim.c                      0x00000000   Number         0  stm32f1xx_hal_tim.o ABSOLUTE
    stm32f1xx_hal_tim_ex.c                   0x00000000   Number         0  stm32f1xx_hal_tim_ex.o ABSOLUTE
    stm32f1xx_hal_uart.c                     0x00000000   Number         0  stm32f1xx_hal_uart.o ABSOLUTE
    stm32f1xx_it.c                           0x00000000   Number         0  stm32f1xx_it.o ABSOLUTE
    system_stm32f1xx.c                       0x00000000   Number         0  system_stm32f1xx.o ABSOLUTE
    uart.c                                   0x00000000   Number         0  uart.o ABSOLUTE
    RESET                                    0x08000000   Section      236  startup_stm32f103xb.o(RESET)
    .ARM.Collect$$$$00000000                 0x080000ec   Section        0  entry.o(.ARM.Collect$$$$00000000)
    .ARM.Collect$$$$00000001                 0x080000ec   Section        4  entry2.o(.ARM.Collect$$$$00000001)
    .ARM.Collect$$$$00000004                 0x080000f0   Section        4  entry5.o(.ARM.Collect$$$$00000004)
    .ARM.Collect$$$$00000008                 0x080000f4   Section        0  entry7b.o(.ARM.Collect$$$$00000008)
    .ARM.Collect$$$$0000000A                 0x080000f4   Section        0  entry8b.o(.ARM.Collect$$$$0000000A)
    .ARM.Collect$$$$0000000B                 0x080000f4   Section        8  entry9a.o(.ARM.Collect$$$$0000000B)
    __lit__00000000                          0x080000fc   Data           4  entry2.o(.ARM.Collect$$$$00002712)
    .ARM.Collect$$$$0000000D                 0x080000fc   Section        0  entry10a.o(.ARM.Collect$$$$0000000D)
    .ARM.Collect$$$$0000000F                 0x080000fc   Section        0  entry11a.o(.ARM.Collect$$$$0000000F)
    .ARM.Collect$$$$00002712                 0x080000fc   Section        4  entry2.o(.ARM.Collect$$$$00002712)
    .text                                    0x08000100   Section       36  startup_stm32f103xb.o(.text)
    .text                                    0x08000124   Section       48  init.o(.text)
    [Anonymous Symbol]                       0x08000154   Section        0  stm32f1xx_it.o(.text.BusFault_Handler)
    [Anonymous Symbol]                       0x08000158   Section        0  stm32f1xx_it.o(.text.DebugMon_Handler)
    [Anonymous Symbol]                       0x0800015c   Section        0  main.o(.text.Error_Handler)
    [Anonymous Symbol]                       0x08000168   Section        0  flash_config.o(.text.Flash_CheckBootloaderConstraints)
    [Anonymous Symbol]                       0x0800016c   Section        0  stm32f1xx_hal_dma.o(.text.HAL_DMA_Abort)
    [Anonymous Symbol]                       0x080001b4   Section        0  stm32f1xx_hal_dma.o(.text.HAL_DMA_Abort_IT)
    [Anonymous Symbol]                       0x0800026c   Section        0  stm32f1xx_hal_gpio.o(.text.HAL_GPIO_Init)
    [Anonymous Symbol]                       0x0800047c   Section        0  stm32f1xx_hal.o(.text.HAL_GetDEVID)
    [Anonymous Symbol]                       0x0800048c   Section        0  stm32f1xx_hal.o(.text.HAL_GetTick)
    [Anonymous Symbol]                       0x08000498   Section        0  stm32f1xx_hal.o(.text.HAL_IncTick)
    [Anonymous Symbol]                       0x080004b4   Section        0  stm32f1xx_hal.o(.text.HAL_Init)
    [Anonymous Symbol]                       0x080004dc   Section        0  stm32f1xx_hal.o(.text.HAL_InitTick)
    [Anonymous Symbol]                       0x08000524   Section        0  stm32f1xx_hal_msp.o(.text.HAL_MspInit)
    [Anonymous Symbol]                       0x08000568   Section        0  stm32f1xx_hal_cortex.o(.text.HAL_NVIC_EnableIRQ)
    [Anonymous Symbol]                       0x0800058c   Section        0  stm32f1xx_hal_cortex.o(.text.HAL_NVIC_SetPriority)
    [Anonymous Symbol]                       0x080005e4   Section        0  stm32f1xx_hal_cortex.o(.text.HAL_NVIC_SetPriorityGrouping)
    [Anonymous Symbol]                       0x08000604   Section        0  stm32f1xx_hal_rcc.o(.text.HAL_RCC_ClockConfig)
    [Anonymous Symbol]                       0x080007c0   Section        0  stm32f1xx_hal_rcc.o(.text.HAL_RCC_GetPCLK1Freq)
    [Anonymous Symbol]                       0x080007e8   Section        0  stm32f1xx_hal_rcc.o(.text.HAL_RCC_GetPCLK2Freq)
    [Anonymous Symbol]                       0x08000810   Section        0  stm32f1xx_hal_rcc.o(.text.HAL_RCC_OscConfig)
    [Anonymous Symbol]                       0x08000c10   Section        0  stm32f1xx_hal_cortex.o(.text.HAL_SYSTICK_Config)
    [Anonymous Symbol]                       0x08000c3c   Section        0  stm32f1xx_hal_tim_ex.o(.text.HAL_TIMEx_BreakCallback)
    [Anonymous Symbol]                       0x08000c40   Section        0  stm32f1xx_hal_tim_ex.o(.text.HAL_TIMEx_CommutCallback)
    [Anonymous Symbol]                       0x08000c44   Section        0  stm32f1xx_hal_tim_ex.o(.text.HAL_TIMEx_MasterConfigSynchronization)
    [Anonymous Symbol]                       0x08000cc4   Section        0  stm32f1xx_hal_tim.o(.text.HAL_TIM_Base_Init)
    [Anonymous Symbol]                       0x08000dc0   Section        0  stm32f1xx_hal_msp.o(.text.HAL_TIM_Base_MspInit)
    [Anonymous Symbol]                       0x08000e04   Section        0  stm32f1xx_hal_tim.o(.text.HAL_TIM_Base_Start)
    [Anonymous Symbol]                       0x08000e6c   Section        0  stm32f1xx_hal_tim.o(.text.HAL_TIM_ConfigClockSource)
    [Anonymous Symbol]                       0x0800100c   Section        0  stm32f1xx_hal_tim.o(.text.HAL_TIM_IC_CaptureCallback)
    [Anonymous Symbol]                       0x08001010   Section        0  stm32f1xx_hal_tim.o(.text.HAL_TIM_IRQHandler)
    [Anonymous Symbol]                       0x08001160   Section        0  stm32f1xx_hal_tim.o(.text.HAL_TIM_OC_DelayElapsedCallback)
    [Anonymous Symbol]                       0x08001164   Section        0  stm32f1xx_hal_tim.o(.text.HAL_TIM_PWM_PulseFinishedCallback)
    [Anonymous Symbol]                       0x08001168   Section        0  stm32f1xx_hal_tim.o(.text.HAL_TIM_PeriodElapsedCallback)
    [Anonymous Symbol]                       0x0800116c   Section        0  stm32f1xx_hal_tim.o(.text.HAL_TIM_TriggerCallback)
    [Anonymous Symbol]                       0x08001170   Section        0  stm32f1xx_hal_uart.o(.text.HAL_UARTEx_RxEventCallback)
    [Anonymous Symbol]                       0x08001174   Section        0  stm32f1xx_hal_uart.o(.text.HAL_UART_ErrorCallback)
    [Anonymous Symbol]                       0x08001178   Section        0  stm32f1xx_hal_uart.o(.text.HAL_UART_IRQHandler)
    [Anonymous Symbol]                       0x080016e8   Section        0  stm32f1xx_hal_uart.o(.text.HAL_UART_Init)
    [Anonymous Symbol]                       0x080017cc   Section        0  stm32f1xx_hal_msp.o(.text.HAL_UART_MspInit)
    [Anonymous Symbol]                       0x0800185c   Section        0  stm32f1xx_hal_uart.o(.text.HAL_UART_Receive_IT)
    [Anonymous Symbol]                       0x080018b0   Section        0  uart.o(.text.HAL_UART_RxCpltCallback)
    [Anonymous Symbol]                       0x080018c4   Section        0  stm32f1xx_hal_uart.o(.text.HAL_UART_Transmit)
    [Anonymous Symbol]                       0x08001a58   Section        0  stm32f1xx_hal_uart.o(.text.HAL_UART_TxCpltCallback)
    [Anonymous Symbol]                       0x08001a5c   Section        0  stm32f1xx_it.o(.text.HardFault_Handler)
    [Anonymous Symbol]                       0x08001a60   Section        0  init.o(.text.MX_GPIO_Init)
    [Anonymous Symbol]                       0x08001a94   Section        0  init.o(.text.MX_TIM4_Init)
    [Anonymous Symbol]                       0x08001b08   Section        0  uart.o(.text.MX_USART1_UART_Init)
    [Anonymous Symbol]                       0x08001b48   Section        0  stm32f1xx_it.o(.text.MemManage_Handler)
    [Anonymous Symbol]                       0x08001b4c   Section        0  stm32f1xx_it.o(.text.NMI_Handler)
    [Anonymous Symbol]                       0x08001b50   Section        0  stm32f1xx_it.o(.text.PendSV_Handler)
    [Anonymous Symbol]                       0x08001b54   Section        0  protocol.o(.text.Protocol_Init)
    [Anonymous Symbol]                       0x08001b64   Section        0  protocol.o(.text.Protocol_ProcessReceivedData)
    [Anonymous Symbol]                       0x08001e20   Section        0  protocol.o(.text.Protocol_SendMemoryInfo)
    [Anonymous Symbol]                       0x08001e84   Section        0  protocol.o(.text.Protocol_SendStatus)
    [Anonymous Symbol]                       0x08001eb0   Section        0  protocol.o(.text.Protocol_SendSystemInfo)
    [Anonymous Symbol]                       0x08001fcc   Section        0  stm32f1xx_it.o(.text.SVC_Handler)
    [Anonymous Symbol]                       0x08001fd0   Section        0  stm32f1xx_it.o(.text.SysTick_Handler)
    [Anonymous Symbol]                       0x08001fd4   Section        0  init.o(.text.SystemClock_Config)
    [Anonymous Symbol]                       0x08002030   Section        0  system_stm32f1xx.o(.text.SystemInit)
    [Anonymous Symbol]                       0x08002034   Section        0  stm32f1xx_it.o(.text.TIM4_IRQHandler)
    UART_DMAAbortOnError                     0x08002041   Thumb Code    12  stm32f1xx_hal_uart.o(.text.UART_DMAAbortOnError)
    [Anonymous Symbol]                       0x08002040   Section        0  stm32f1xx_hal_uart.o(.text.UART_DMAAbortOnError)
    [Anonymous Symbol]                       0x0800204c   Section        0  uart.o(.text.UART_IRQHandler)
    UART_Receive_IT                          0x08002121   Thumb Code   254  stm32f1xx_hal_uart.o(.text.UART_Receive_IT)
    [Anonymous Symbol]                       0x08002120   Section        0  stm32f1xx_hal_uart.o(.text.UART_Receive_IT)
    [Anonymous Symbol]                       0x08002220   Section        0  uart.o(.text.UART_SendData)
    [Anonymous Symbol]                       0x08002254   Section        0  uart.o(.text.UART_StartInterruptReceive)
    [Anonymous Symbol]                       0x08002294   Section        0  stm32f1xx_it.o(.text.USART1_IRQHandler)
    [Anonymous Symbol]                       0x080022a0   Section        0  stm32f1xx_it.o(.text.UsageFault_Handler)
    [Anonymous Symbol]                       0x080022a4   Section        0  main.o(.text.main)
    i.__scatterload_copy                     0x0800230e   Section       14  handlers.o(i.__scatterload_copy)
    i.__scatterload_null                     0x0800231c   Section        2  handlers.o(i.__scatterload_null)
    i.__scatterload_zeroinit                 0x0800231e   Section       14  handlers.o(i.__scatterload_zeroinit)
    HAL_RCC_GetSysClockFreq.aPredivFactorTable 0x08002344   Data           2  stm32f1xx_hal_rcc.o(.rodata.HAL_RCC_GetSysClockFreq.aPredivFactorTable)
    [Anonymous Symbol]                       0x08002344   Section        0  stm32f1xx_hal_rcc.o(.rodata.HAL_RCC_GetSysClockFreq.aPredivFactorTable)
    HAL_RCC_GetSysClockFreq.aPLLMULFactorTable 0x08002346   Data          16  stm32f1xx_hal_rcc.o(.rodata.cst16)
    [Anonymous Symbol]                       0x08002346   Section        0  stm32f1xx_hal_rcc.o(.rodata.cst16)
    .L_MergedGlobals                         0x20000000   Data           8  stm32f1xx_hal.o(.data..L_MergedGlobals)
    [Anonymous Symbol]                       0x20000000   Section        0  stm32f1xx_hal.o(.data..L_MergedGlobals)
    .L_MergedGlobals                         0x20000010   Data          76  uart.o(.bss..L_MergedGlobals)
    interrupt_enabled                        0x20000010   Data           1  uart.o(.bss..L_MergedGlobals)
    [Anonymous Symbol]                       0x20000010   Section        0  uart.o(.bss..L_MergedGlobals)
    rx_byte                                  0x20000011   Data           1  uart.o(.bss..L_MergedGlobals)
    .L_MergedGlobals                         0x2000005c   Data           4  protocol.o(.bss..L_MergedGlobals)
    protocol_error_count                     0x2000005c   Data           1  protocol.o(.bss..L_MergedGlobals)
    [Anonymous Symbol]                       0x2000005c   Section        0  protocol.o(.bss..L_MergedGlobals)
    protocol_last_command                    0x2000005e   Data           2  protocol.o(.bss..L_MergedGlobals)
    rx_buffer                                0x200000a8   Data         268  uart.o(.bss.rx_buffer)
    [Anonymous Symbol]                       0x200000a8   Section        0  uart.o(.bss.rx_buffer)
    STACK                                    0x200001b8   Section    12288  startup_stm32f103xb.o(STACK)

    Global Symbols

    Symbol Name                              Value     Ov Type        Size  Object(Section)

    BuildAttributes$$THM_ISAv4$P$D$K$B$S$PE$A:L22UL41UL21$X:L11$S22US41US21$IEEE1$IW$~IW$USESV6$~STKCKD$USESV7$~SHL$OTIME$EBA8$MICROLIB$REQ8$PRES8$EABIv2 0x00000000   Number         0  anon$$obj.o ABSOLUTE
    __cpp_initialize__aeabi_                  - Undefined Weak Reference
    __cxa_finalize                            - Undefined Weak Reference
    __decompress                              - Undefined Weak Reference
    _clock_init                               - Undefined Weak Reference
    _microlib_exit                            - Undefined Weak Reference
    __Vectors_Size                           0x000000ec   Number         0  startup_stm32f103xb.o ABSOLUTE
    __Vectors                                0x08000000   Data           4  startup_stm32f103xb.o(RESET)
    __Vectors_End                            0x080000ec   Data           0  startup_stm32f103xb.o(RESET)
    __main                                   0x080000ed   Thumb Code     0  entry.o(.ARM.Collect$$$$00000000)
    _main_stk                                0x080000ed   Thumb Code     0  entry2.o(.ARM.Collect$$$$00000001)
    _main_scatterload                        0x080000f1   Thumb Code     0  entry5.o(.ARM.Collect$$$$00000004)
    __main_after_scatterload                 0x080000f5   Thumb Code     0  entry5.o(.ARM.Collect$$$$00000004)
    _main_clock                              0x080000f5   Thumb Code     0  entry7b.o(.ARM.Collect$$$$00000008)
    _main_cpp_init                           0x080000f5   Thumb Code     0  entry8b.o(.ARM.Collect$$$$0000000A)
    _main_init                               0x080000f5   Thumb Code     0  entry9a.o(.ARM.Collect$$$$0000000B)
    __rt_final_cpp                           0x080000fd   Thumb Code     0  entry10a.o(.ARM.Collect$$$$0000000D)
    __rt_final_exit                          0x080000fd   Thumb Code     0  entry11a.o(.ARM.Collect$$$$0000000F)
    Reset_Handler                            0x08000101   Thumb Code     8  startup_stm32f103xb.o(.text)
    ADC1_2_IRQHandler                        0x0800011b   Thumb Code     0  startup_stm32f103xb.o(.text)
    CAN1_RX1_IRQHandler                      0x0800011b   Thumb Code     0  startup_stm32f103xb.o(.text)
    CAN1_SCE_IRQHandler                      0x0800011b   Thumb Code     0  startup_stm32f103xb.o(.text)
    DMA1_Channel1_IRQHandler                 0x0800011b   Thumb Code     0  startup_stm32f103xb.o(.text)
    DMA1_Channel2_IRQHandler                 0x0800011b   Thumb Code     0  startup_stm32f103xb.o(.text)
    DMA1_Channel3_IRQHandler                 0x0800011b   Thumb Code     0  startup_stm32f103xb.o(.text)
    DMA1_Channel4_IRQHandler                 0x0800011b   Thumb Code     0  startup_stm32f103xb.o(.text)
    DMA1_Channel5_IRQHandler                 0x0800011b   Thumb Code     0  startup_stm32f103xb.o(.text)
    DMA1_Channel6_IRQHandler                 0x0800011b   Thumb Code     0  startup_stm32f103xb.o(.text)
    DMA1_Channel7_IRQHandler                 0x0800011b   Thumb Code     0  startup_stm32f103xb.o(.text)
    EXTI0_IRQHandler                         0x0800011b   Thumb Code     0  startup_stm32f103xb.o(.text)
    EXTI15_10_IRQHandler                     0x0800011b   Thumb Code     0  startup_stm32f103xb.o(.text)
    EXTI1_IRQHandler                         0x0800011b   Thumb Code     0  startup_stm32f103xb.o(.text)
    EXTI2_IRQHandler                         0x0800011b   Thumb Code     0  startup_stm32f103xb.o(.text)
    EXTI3_IRQHandler                         0x0800011b   Thumb Code     0  startup_stm32f103xb.o(.text)
    EXTI4_IRQHandler                         0x0800011b   Thumb Code     0  startup_stm32f103xb.o(.text)
    EXTI9_5_IRQHandler                       0x0800011b   Thumb Code     0  startup_stm32f103xb.o(.text)
    FLASH_IRQHandler                         0x0800011b   Thumb Code     0  startup_stm32f103xb.o(.text)
    I2C1_ER_IRQHandler                       0x0800011b   Thumb Code     0  startup_stm32f103xb.o(.text)
    I2C1_EV_IRQHandler                       0x0800011b   Thumb Code     0  startup_stm32f103xb.o(.text)
    I2C2_ER_IRQHandler                       0x0800011b   Thumb Code     0  startup_stm32f103xb.o(.text)
    I2C2_EV_IRQHandler                       0x0800011b   Thumb Code     0  startup_stm32f103xb.o(.text)
    PVD_IRQHandler                           0x0800011b   Thumb Code     0  startup_stm32f103xb.o(.text)
    RCC_IRQHandler                           0x0800011b   Thumb Code     0  startup_stm32f103xb.o(.text)
    RTC_Alarm_IRQHandler                     0x0800011b   Thumb Code     0  startup_stm32f103xb.o(.text)
    RTC_IRQHandler                           0x0800011b   Thumb Code     0  startup_stm32f103xb.o(.text)
    SPI1_IRQHandler                          0x0800011b   Thumb Code     0  startup_stm32f103xb.o(.text)
    SPI2_IRQHandler                          0x0800011b   Thumb Code     0  startup_stm32f103xb.o(.text)
    TAMPER_IRQHandler                        0x0800011b   Thumb Code     0  startup_stm32f103xb.o(.text)
    TIM1_BRK_IRQHandler                      0x0800011b   Thumb Code     0  startup_stm32f103xb.o(.text)
    TIM1_CC_IRQHandler                       0x0800011b   Thumb Code     0  startup_stm32f103xb.o(.text)
    TIM1_TRG_COM_IRQHandler                  0x0800011b   Thumb Code     0  startup_stm32f103xb.o(.text)
    TIM1_UP_IRQHandler                       0x0800011b   Thumb Code     0  startup_stm32f103xb.o(.text)
    TIM2_IRQHandler                          0x0800011b   Thumb Code     0  startup_stm32f103xb.o(.text)
    TIM3_IRQHandler                          0x0800011b   Thumb Code     0  startup_stm32f103xb.o(.text)
    USART2_IRQHandler                        0x0800011b   Thumb Code     0  startup_stm32f103xb.o(.text)
    USART3_IRQHandler                        0x0800011b   Thumb Code     0  startup_stm32f103xb.o(.text)
    USBWakeUp_IRQHandler                     0x0800011b   Thumb Code     0  startup_stm32f103xb.o(.text)
    USB_HP_CAN1_TX_IRQHandler                0x0800011b   Thumb Code     0  startup_stm32f103xb.o(.text)
    USB_LP_CAN1_RX0_IRQHandler               0x0800011b   Thumb Code     0  startup_stm32f103xb.o(.text)
    WWDG_IRQHandler                          0x0800011b   Thumb Code     0  startup_stm32f103xb.o(.text)
    __scatterload                            0x08000125   Thumb Code    38  init.o(.text)
    __scatterload_rt2                        0x08000125   Thumb Code     0  init.o(.text)
    BusFault_Handler                         0x08000155   Thumb Code     2  stm32f1xx_it.o(.text.BusFault_Handler)
    DebugMon_Handler                         0x08000159   Thumb Code     2  stm32f1xx_it.o(.text.DebugMon_Handler)
    Error_Handler                            0x0800015d   Thumb Code    10  main.o(.text.Error_Handler)
    Flash_CheckBootloaderConstraints         0x08000169   Thumb Code     4  flash_config.o(.text.Flash_CheckBootloaderConstraints)
    HAL_DMA_Abort                            0x0800016d   Thumb Code    70  stm32f1xx_hal_dma.o(.text.HAL_DMA_Abort)
    HAL_DMA_Abort_IT                         0x080001b5   Thumb Code   182  stm32f1xx_hal_dma.o(.text.HAL_DMA_Abort_IT)
    HAL_GPIO_Init                            0x0800026d   Thumb Code   526  stm32f1xx_hal_gpio.o(.text.HAL_GPIO_Init)
    HAL_GetDEVID                             0x0800047d   Thumb Code    16  stm32f1xx_hal.o(.text.HAL_GetDEVID)
    HAL_GetTick                              0x0800048d   Thumb Code    12  stm32f1xx_hal.o(.text.HAL_GetTick)
    HAL_IncTick                              0x08000499   Thumb Code    26  stm32f1xx_hal.o(.text.HAL_IncTick)
    HAL_Init                                 0x080004b5   Thumb Code    38  stm32f1xx_hal.o(.text.HAL_Init)
    HAL_InitTick                             0x080004dd   Thumb Code    72  stm32f1xx_hal.o(.text.HAL_InitTick)
    HAL_MspInit                              0x08000525   Thumb Code    66  stm32f1xx_hal_msp.o(.text.HAL_MspInit)
    HAL_NVIC_EnableIRQ                       0x08000569   Thumb Code    34  stm32f1xx_hal_cortex.o(.text.HAL_NVIC_EnableIRQ)
    HAL_NVIC_SetPriority                     0x0800058d   Thumb Code    86  stm32f1xx_hal_cortex.o(.text.HAL_NVIC_SetPriority)
    HAL_NVIC_SetPriorityGrouping             0x080005e5   Thumb Code    32  stm32f1xx_hal_cortex.o(.text.HAL_NVIC_SetPriorityGrouping)
    HAL_RCC_ClockConfig                      0x08000605   Thumb Code   442  stm32f1xx_hal_rcc.o(.text.HAL_RCC_ClockConfig)
    HAL_RCC_GetPCLK1Freq                     0x080007c1   Thumb Code    38  stm32f1xx_hal_rcc.o(.text.HAL_RCC_GetPCLK1Freq)
    HAL_RCC_GetPCLK2Freq                     0x080007e9   Thumb Code    38  stm32f1xx_hal_rcc.o(.text.HAL_RCC_GetPCLK2Freq)
    HAL_RCC_OscConfig                        0x08000811   Thumb Code  1024  stm32f1xx_hal_rcc.o(.text.HAL_RCC_OscConfig)
    HAL_SYSTICK_Config                       0x08000c11   Thumb Code    44  stm32f1xx_hal_cortex.o(.text.HAL_SYSTICK_Config)
    HAL_TIMEx_BreakCallback                  0x08000c3d   Thumb Code     2  stm32f1xx_hal_tim_ex.o(.text.HAL_TIMEx_BreakCallback)
    HAL_TIMEx_CommutCallback                 0x08000c41   Thumb Code     2  stm32f1xx_hal_tim_ex.o(.text.HAL_TIMEx_CommutCallback)
    HAL_TIMEx_MasterConfigSynchronization    0x08000c45   Thumb Code   126  stm32f1xx_hal_tim_ex.o(.text.HAL_TIMEx_MasterConfigSynchronization)
    HAL_TIM_Base_Init                        0x08000cc5   Thumb Code   250  stm32f1xx_hal_tim.o(.text.HAL_TIM_Base_Init)
    HAL_TIM_Base_MspInit                     0x08000dc1   Thumb Code    68  stm32f1xx_hal_msp.o(.text.HAL_TIM_Base_MspInit)
    HAL_TIM_Base_Start                       0x08000e05   Thumb Code   102  stm32f1xx_hal_tim.o(.text.HAL_TIM_Base_Start)
    HAL_TIM_ConfigClockSource                0x08000e6d   Thumb Code   416  stm32f1xx_hal_tim.o(.text.HAL_TIM_ConfigClockSource)
    HAL_TIM_IC_CaptureCallback               0x0800100d   Thumb Code     2  stm32f1xx_hal_tim.o(.text.HAL_TIM_IC_CaptureCallback)
    HAL_TIM_IRQHandler                       0x08001011   Thumb Code   334  stm32f1xx_hal_tim.o(.text.HAL_TIM_IRQHandler)
    HAL_TIM_OC_DelayElapsedCallback          0x08001161   Thumb Code     2  stm32f1xx_hal_tim.o(.text.HAL_TIM_OC_DelayElapsedCallback)
    HAL_TIM_PWM_PulseFinishedCallback        0x08001165   Thumb Code     2  stm32f1xx_hal_tim.o(.text.HAL_TIM_PWM_PulseFinishedCallback)
    HAL_TIM_PeriodElapsedCallback            0x08001169   Thumb Code     2  stm32f1xx_hal_tim.o(.text.HAL_TIM_PeriodElapsedCallback)
    HAL_TIM_TriggerCallback                  0x0800116d   Thumb Code     2  stm32f1xx_hal_tim.o(.text.HAL_TIM_TriggerCallback)
    HAL_UARTEx_RxEventCallback               0x08001171   Thumb Code     2  stm32f1xx_hal_uart.o(.text.HAL_UARTEx_RxEventCallback)
    HAL_UART_ErrorCallback                   0x08001175   Thumb Code     2  stm32f1xx_hal_uart.o(.text.HAL_UART_ErrorCallback)
    HAL_UART_IRQHandler                      0x08001179   Thumb Code  1392  stm32f1xx_hal_uart.o(.text.HAL_UART_IRQHandler)
    HAL_UART_Init                            0x080016e9   Thumb Code   226  stm32f1xx_hal_uart.o(.text.HAL_UART_Init)
    HAL_UART_MspInit                         0x080017cd   Thumb Code   142  stm32f1xx_hal_msp.o(.text.HAL_UART_MspInit)
    HAL_UART_Receive_IT                      0x0800185d   Thumb Code    84  stm32f1xx_hal_uart.o(.text.HAL_UART_Receive_IT)
    HAL_UART_RxCpltCallback                  0x080018b1   Thumb Code    20  uart.o(.text.HAL_UART_RxCpltCallback)
    HAL_UART_Transmit                        0x080018c5   Thumb Code   402  stm32f1xx_hal_uart.o(.text.HAL_UART_Transmit)
    HAL_UART_TxCpltCallback                  0x08001a59   Thumb Code     2  stm32f1xx_hal_uart.o(.text.HAL_UART_TxCpltCallback)
    HardFault_Handler                        0x08001a5d   Thumb Code     2  stm32f1xx_it.o(.text.HardFault_Handler)
    MX_GPIO_Init                             0x08001a61   Thumb Code    50  init.o(.text.MX_GPIO_Init)
    MX_TIM4_Init                             0x08001a95   Thumb Code   116  init.o(.text.MX_TIM4_Init)
    MX_USART1_UART_Init                      0x08001b09   Thumb Code    62  uart.o(.text.MX_USART1_UART_Init)
    MemManage_Handler                        0x08001b49   Thumb Code     2  stm32f1xx_it.o(.text.MemManage_Handler)
    NMI_Handler                              0x08001b4d   Thumb Code     2  stm32f1xx_it.o(.text.NMI_Handler)
    PendSV_Handler                           0x08001b51   Thumb Code     2  stm32f1xx_it.o(.text.PendSV_Handler)
    Protocol_Init                            0x08001b55   Thumb Code    16  protocol.o(.text.Protocol_Init)
    Protocol_ProcessReceivedData             0x08001b65   Thumb Code   700  protocol.o(.text.Protocol_ProcessReceivedData)
    Protocol_SendMemoryInfo                  0x08001e21   Thumb Code   100  protocol.o(.text.Protocol_SendMemoryInfo)
    Protocol_SendStatus                      0x08001e85   Thumb Code    44  protocol.o(.text.Protocol_SendStatus)
    Protocol_SendSystemInfo                  0x08001eb1   Thumb Code   284  protocol.o(.text.Protocol_SendSystemInfo)
    SVC_Handler                              0x08001fcd   Thumb Code     2  stm32f1xx_it.o(.text.SVC_Handler)
    SysTick_Handler                          0x08001fd1   Thumb Code     4  stm32f1xx_it.o(.text.SysTick_Handler)
    SystemClock_Config                       0x08001fd5   Thumb Code    90  init.o(.text.SystemClock_Config)
    SystemInit                               0x08002031   Thumb Code     2  system_stm32f1xx.o(.text.SystemInit)
    TIM4_IRQHandler                          0x08002035   Thumb Code    12  stm32f1xx_it.o(.text.TIM4_IRQHandler)
    UART_IRQHandler                          0x0800204d   Thumb Code   210  uart.o(.text.UART_IRQHandler)
    UART_SendData                            0x08002221   Thumb Code    52  uart.o(.text.UART_SendData)
    UART_StartInterruptReceive               0x08002255   Thumb Code    64  uart.o(.text.UART_StartInterruptReceive)
    USART1_IRQHandler                        0x08002295   Thumb Code    12  stm32f1xx_it.o(.text.USART1_IRQHandler)
    UsageFault_Handler                       0x080022a1   Thumb Code     2  stm32f1xx_it.o(.text.UsageFault_Handler)
    main                                     0x080022a5   Thumb Code   106  main.o(.text.main)
    __scatterload_copy                       0x0800230f   Thumb Code    14  handlers.o(i.__scatterload_copy)
    __scatterload_null                       0x0800231d   Thumb Code     2  handlers.o(i.__scatterload_null)
    __scatterload_zeroinit                   0x0800231f   Thumb Code    14  handlers.o(i.__scatterload_zeroinit)
    AHBPrescTable                            0x0800232c   Data          16  system_stm32f1xx.o(.rodata.AHBPrescTable)
    APBPrescTable                            0x0800233c   Data           8  system_stm32f1xx.o(.rodata.APBPrescTable)
    Region$$Table$$Base                      0x08002358   Number         0  anon$$obj.o(Region$$Table)
    Region$$Table$$Limit                     0x08002378   Number         0  anon$$obj.o(Region$$Table)
    uwTickFreq                               0x20000000   Data           1  stm32f1xx_hal.o(.data..L_MergedGlobals)
    uwTickPrio                               0x20000004   Data           4  stm32f1xx_hal.o(.data..L_MergedGlobals)
    SystemCoreClock                          0x20000008   Data           4  system_stm32f1xx.o(.data.SystemCoreClock)
    huart1                                   0x20000014   Data          72  uart.o(.bss..L_MergedGlobals)
    htim4                                    0x20000060   Data          72  init.o(.bss.htim4)
    uwTick                                   0x200001b4   Data           4  stm32f1xx_hal.o(.bss.uwTick)
    __initial_sp                             0x200031b8   Data           0  startup_stm32f103xb.o(STACK)



==============================================================================

Memory Map of the image

  Image Entry point : 0x080000ed

  Load Region LR_IROM1 (Base: 0x08000000, Size: 0x00002388, Max: 0x00002800, ABSOLUTE)

    Execution Region ER_IROM1 (Exec base: 0x08000000, Load base: 0x08000000, Size: 0x00002378, Max: 0x00002800, ABSOLUTE)

    Exec Addr    Load Addr    Size         Type   Attr      Idx    E Section Name        Object

    0x08000000   0x08000000   0x000000ec   Data   RO            3    RESET               startup_stm32f103xb.o
    0x080000ec   0x080000ec   0x00000000   Code   RO          991  * .ARM.Collect$$$$00000000  mc_w.l(entry.o)
    0x080000ec   0x080000ec   0x00000004   Code   RO          998    .ARM.Collect$$$$00000001  mc_w.l(entry2.o)
    0x080000f0   0x080000f0   0x00000004   Code   RO         1001    .ARM.Collect$$$$00000004  mc_w.l(entry5.o)
    0x080000f4   0x080000f4   0x00000000   Code   RO         1003    .ARM.Collect$$$$00000008  mc_w.l(entry7b.o)
    0x080000f4   0x080000f4   0x00000000   Code   RO         1005    .ARM.Collect$$$$0000000A  mc_w.l(entry8b.o)
    0x080000f4   0x080000f4   0x00000008   Code   RO         1006    .ARM.Collect$$$$0000000B  mc_w.l(entry9a.o)
    0x080000fc   0x080000fc   0x00000000   Code   RO         1008    .ARM.Collect$$$$0000000D  mc_w.l(entry10a.o)
    0x080000fc   0x080000fc   0x00000000   Code   RO         1010    .ARM.Collect$$$$0000000F  mc_w.l(entry11a.o)
    0x080000fc   0x080000fc   0x00000004   Code   RO          999    .ARM.Collect$$$$00002712  mc_w.l(entry2.o)
    0x08000100   0x08000100   0x00000024   Code   RO            4    .text               startup_stm32f103xb.o
    0x08000124   0x08000124   0x00000030   Code   RO         1012    .text               mc_w.l(init.o)
    0x08000154   0x08000154   0x00000002   Code   RO          150    .text.BusFault_Handler  stm32f1xx_it.o
    0x08000156   0x08000156   0x00000002   PAD
    0x08000158   0x08000158   0x00000002   Code   RO          156    .text.DebugMon_Handler  stm32f1xx_it.o
    0x0800015a   0x0800015a   0x00000002   PAD
    0x0800015c   0x0800015c   0x0000000a   Code   RO           13    .text.Error_Handler  main.o
    0x08000166   0x08000166   0x00000002   PAD
    0x08000168   0x08000168   0x00000004   Code   RO          123    .text.Flash_CheckBootloaderConstraints  flash_config.o
    0x0800016c   0x0800016c   0x00000046   Code   RO          668    .text.HAL_DMA_Abort  stm32f1xx_hal_dma.o
    0x080001b2   0x080001b2   0x00000002   PAD
    0x080001b4   0x080001b4   0x000000b6   Code   RO          670    .text.HAL_DMA_Abort_IT  stm32f1xx_hal_dma.o
    0x0800026a   0x0800026a   0x00000002   PAD
    0x0800026c   0x0800026c   0x0000020e   Code   RO          636    .text.HAL_GPIO_Init  stm32f1xx_hal_gpio.o
    0x0800047a   0x0800047a   0x00000002   PAD
    0x0800047c   0x0800047c   0x00000010   Code   RO          554    .text.HAL_GetDEVID  stm32f1xx_hal.o
    0x0800048c   0x0800048c   0x0000000c   Code   RO          536    .text.HAL_GetTick   stm32f1xx_hal.o
    0x08000498   0x08000498   0x0000001a   Code   RO          534    .text.HAL_IncTick   stm32f1xx_hal.o
    0x080004b2   0x080004b2   0x00000002   PAD
    0x080004b4   0x080004b4   0x00000026   Code   RO          524    .text.HAL_Init      stm32f1xx_hal.o
    0x080004da   0x080004da   0x00000002   PAD
    0x080004dc   0x080004dc   0x00000048   Code   RO          526    .text.HAL_InitTick  stm32f1xx_hal.o
    0x08000524   0x08000524   0x00000042   Code   RO          173    .text.HAL_MspInit   stm32f1xx_hal_msp.o
    0x08000566   0x08000566   0x00000002   PAD
    0x08000568   0x08000568   0x00000022   Code   RO          696    .text.HAL_NVIC_EnableIRQ  stm32f1xx_hal_cortex.o
    0x0800058a   0x0800058a   0x00000002   PAD
    0x0800058c   0x0800058c   0x00000056   Code   RO          694    .text.HAL_NVIC_SetPriority  stm32f1xx_hal_cortex.o
    0x080005e2   0x080005e2   0x00000002   PAD
    0x080005e4   0x080005e4   0x00000020   Code   RO          692    .text.HAL_NVIC_SetPriorityGrouping  stm32f1xx_hal_cortex.o
    0x08000604   0x08000604   0x000001ba   Code   RO          588    .text.HAL_RCC_ClockConfig  stm32f1xx_hal_rcc.o
    0x080007be   0x080007be   0x00000002   PAD
    0x080007c0   0x080007c0   0x00000026   Code   RO          600    .text.HAL_RCC_GetPCLK1Freq  stm32f1xx_hal_rcc.o
    0x080007e6   0x080007e6   0x00000002   PAD
    0x080007e8   0x080007e8   0x00000026   Code   RO          602    .text.HAL_RCC_GetPCLK2Freq  stm32f1xx_hal_rcc.o
    0x0800080e   0x0800080e   0x00000002   PAD
    0x08000810   0x08000810   0x00000400   Code   RO          586    .text.HAL_RCC_OscConfig  stm32f1xx_hal_rcc.o
    0x08000c10   0x08000c10   0x0000002c   Code   RO          704    .text.HAL_SYSTICK_Config  stm32f1xx_hal_cortex.o
    0x08000c3c   0x08000c3c   0x00000002   Code   RO          510    .text.HAL_TIMEx_BreakCallback  stm32f1xx_hal_tim_ex.o
    0x08000c3e   0x08000c3e   0x00000002   PAD
    0x08000c40   0x08000c40   0x00000002   Code   RO          506    .text.HAL_TIMEx_CommutCallback  stm32f1xx_hal_tim_ex.o
    0x08000c42   0x08000c42   0x00000002   PAD
    0x08000c44   0x08000c44   0x0000007e   Code   RO          500    .text.HAL_TIMEx_MasterConfigSynchronization  stm32f1xx_hal_tim_ex.o
    0x08000cc2   0x08000cc2   0x00000002   PAD
    0x08000cc4   0x08000cc4   0x000000fa   Code   RO          205    .text.HAL_TIM_Base_Init  stm32f1xx_hal_tim.o
    0x08000dbe   0x08000dbe   0x00000002   PAD
    0x08000dc0   0x08000dc0   0x00000044   Code   RO          179    .text.HAL_TIM_Base_MspInit  stm32f1xx_hal_msp.o
    0x08000e04   0x08000e04   0x00000066   Code   RO          215    .text.HAL_TIM_Base_Start  stm32f1xx_hal_tim.o
    0x08000e6a   0x08000e6a   0x00000002   PAD
    0x08000e6c   0x08000e6c   0x000001a0   Code   RO          385    .text.HAL_TIM_ConfigClockSource  stm32f1xx_hal_tim.o
    0x0800100c   0x0800100c   0x00000002   Code   RO          341    .text.HAL_TIM_IC_CaptureCallback  stm32f1xx_hal_tim.o
    0x0800100e   0x0800100e   0x00000002   PAD
    0x08001010   0x08001010   0x0000014e   Code   RO          339    .text.HAL_TIM_IRQHandler  stm32f1xx_hal_tim.o
    0x0800115e   0x0800115e   0x00000002   PAD
    0x08001160   0x08001160   0x00000002   Code   RO          343    .text.HAL_TIM_OC_DelayElapsedCallback  stm32f1xx_hal_tim.o
    0x08001162   0x08001162   0x00000002   PAD
    0x08001164   0x08001164   0x00000002   Code   RO          345    .text.HAL_TIM_PWM_PulseFinishedCallback  stm32f1xx_hal_tim.o
    0x08001166   0x08001166   0x00000002   PAD
    0x08001168   0x08001168   0x00000002   Code   RO          347    .text.HAL_TIM_PeriodElapsedCallback  stm32f1xx_hal_tim.o
    0x0800116a   0x0800116a   0x00000002   PAD
    0x0800116c   0x0800116c   0x00000002   Code   RO          349    .text.HAL_TIM_TriggerCallback  stm32f1xx_hal_tim.o
    0x0800116e   0x0800116e   0x00000002   PAD
    0x08001170   0x08001170   0x00000002   Code   RO          941    .text.HAL_UARTEx_RxEventCallback  stm32f1xx_hal_uart.o
    0x08001172   0x08001172   0x00000002   PAD
    0x08001174   0x08001174   0x00000002   Code   RO          939    .text.HAL_UART_ErrorCallback  stm32f1xx_hal_uart.o
    0x08001176   0x08001176   0x00000002   PAD
    0x08001178   0x08001178   0x00000570   Code   RO          933    .text.HAL_UART_IRQHandler  stm32f1xx_hal_uart.o
    0x080016e8   0x080016e8   0x000000e2   Code   RO          857    .text.HAL_UART_Init  stm32f1xx_hal_uart.o
    0x080017ca   0x080017ca   0x00000002   PAD
    0x080017cc   0x080017cc   0x0000008e   Code   RO          175    .text.HAL_UART_MspInit  stm32f1xx_hal_msp.o
    0x0800185a   0x0800185a   0x00000002   PAD
    0x0800185c   0x0800185c   0x00000054   Code   RO          877    .text.HAL_UART_Receive_IT  stm32f1xx_hal_uart.o
    0x080018b0   0x080018b0   0x00000014   Code   RO           58    .text.HAL_UART_RxCpltCallback  uart.o
    0x080018c4   0x080018c4   0x00000192   Code   RO          871    .text.HAL_UART_Transmit  stm32f1xx_hal_uart.o
    0x08001a56   0x08001a56   0x00000002   PAD
    0x08001a58   0x08001a58   0x00000002   Code   RO          943    .text.HAL_UART_TxCpltCallback  stm32f1xx_hal_uart.o
    0x08001a5a   0x08001a5a   0x00000002   PAD
    0x08001a5c   0x08001a5c   0x00000002   Code   RO          146    .text.HardFault_Handler  stm32f1xx_it.o
    0x08001a5e   0x08001a5e   0x00000002   PAD
    0x08001a60   0x08001a60   0x00000032   Code   RO           25    .text.MX_GPIO_Init  init.o
    0x08001a92   0x08001a92   0x00000002   PAD
    0x08001a94   0x08001a94   0x00000074   Code   RO           27    .text.MX_TIM4_Init  init.o
    0x08001b08   0x08001b08   0x0000003e   Code   RO           38    .text.MX_USART1_UART_Init  uart.o
    0x08001b46   0x08001b46   0x00000002   PAD
    0x08001b48   0x08001b48   0x00000002   Code   RO          148    .text.MemManage_Handler  stm32f1xx_it.o
    0x08001b4a   0x08001b4a   0x00000002   PAD
    0x08001b4c   0x08001b4c   0x00000002   Code   RO          144    .text.NMI_Handler   stm32f1xx_it.o
    0x08001b4e   0x08001b4e   0x00000002   PAD
    0x08001b50   0x08001b50   0x00000002   Code   RO          158    .text.PendSV_Handler  stm32f1xx_it.o
    0x08001b52   0x08001b52   0x00000002   PAD
    0x08001b54   0x08001b54   0x00000010   Code   RO           72    .text.Protocol_Init  protocol.o
    0x08001b64   0x08001b64   0x000002bc   Code   RO           92    .text.Protocol_ProcessReceivedData  protocol.o
    0x08001e20   0x08001e20   0x00000064   Code   RO           84    .text.Protocol_SendMemoryInfo  protocol.o
    0x08001e84   0x08001e84   0x0000002c   Code   RO           94    .text.Protocol_SendStatus  protocol.o
    0x08001eb0   0x08001eb0   0x0000011c   Code   RO           82    .text.Protocol_SendSystemInfo  protocol.o
    0x08001fcc   0x08001fcc   0x00000002   Code   RO          154    .text.SVC_Handler   stm32f1xx_it.o
    0x08001fce   0x08001fce   0x00000002   PAD
    0x08001fd0   0x08001fd0   0x00000004   Code   RO          160    .text.SysTick_Handler  stm32f1xx_it.o
    0x08001fd4   0x08001fd4   0x0000005a   Code   RO           23    .text.SystemClock_Config  init.o
    0x0800202e   0x0800202e   0x00000002   PAD
    0x08002030   0x08002030   0x00000002   Code   RO          977    .text.SystemInit    system_stm32f1xx.o
    0x08002032   0x08002032   0x00000002   PAD
    0x08002034   0x08002034   0x0000000c   Code   RO          162    .text.TIM4_IRQHandler  stm32f1xx_it.o
    0x08002040   0x08002040   0x0000000c   Code   RO          937    .text.UART_DMAAbortOnError  stm32f1xx_hal_uart.o
    0x0800204c   0x0800204c   0x000000d2   Code   RO           50    .text.UART_IRQHandler  uart.o
    0x0800211e   0x0800211e   0x00000002   PAD
    0x08002120   0x08002120   0x000000fe   Code   RO          935    .text.UART_Receive_IT  stm32f1xx_hal_uart.o
    0x0800221e   0x0800221e   0x00000002   PAD
    0x08002220   0x08002220   0x00000034   Code   RO           40    .text.UART_SendData  uart.o
    0x08002254   0x08002254   0x00000040   Code   RO           46    .text.UART_StartInterruptReceive  uart.o
    0x08002294   0x08002294   0x0000000c   Code   RO          164    .text.USART1_IRQHandler  stm32f1xx_it.o
    0x080022a0   0x080022a0   0x00000002   Code   RO          152    .text.UsageFault_Handler  stm32f1xx_it.o
    0x080022a2   0x080022a2   0x00000002   PAD
    0x080022a4   0x080022a4   0x0000006a   Code   RO           11    .text.main          main.o
    0x0800230e   0x0800230e   0x0000000e   Code   RO         1016    i.__scatterload_copy  mc_w.l(handlers.o)
    0x0800231c   0x0800231c   0x00000002   Code   RO         1017    i.__scatterload_null  mc_w.l(handlers.o)
    0x0800231e   0x0800231e   0x0000000e   Code   RO         1018    i.__scatterload_zeroinit  mc_w.l(handlers.o)
    0x0800232c   0x0800232c   0x00000010   Data   RO          982    .rodata.AHBPrescTable  system_stm32f1xx.o
    0x0800233c   0x0800233c   0x00000008   Data   RO          983    .rodata.APBPrescTable  system_stm32f1xx.o
    0x08002344   0x08002344   0x00000002   Data   RO          613    .rodata.HAL_RCC_GetSysClockFreq.aPredivFactorTable  stm32f1xx_hal_rcc.o
    0x08002346   0x08002346   0x00000010   Data   RO          612    .rodata.cst16       stm32f1xx_hal_rcc.o
    0x08002356   0x08002356   0x00000002   PAD
    0x08002358   0x08002358   0x00000020   Data   RO         1015    Region$$Table       anon$$obj.o


    Execution Region RW_IRAM1 (Exec base: 0x20000000, Load base: 0x08002378, Size: 0x000031b8, Max: 0x00005000, ABSOLUTE)

    Exec Addr    Load Addr    Size         Type   Attr      Idx    E Section Name        Object

    0x20000000   0x08002378   0x00000008   Data   RW          575    .data..L_MergedGlobals  stm32f1xx_hal.o
    0x20000008   0x08002380   0x00000004   Data   RW          981    .data.SystemCoreClock  system_stm32f1xx.o
    0x2000000c   0x08002384   0x00000004   PAD
    0x20000010        -       0x0000004c   Zero   RW           61    .bss..L_MergedGlobals  uart.o
    0x2000005c        -       0x00000004   Zero   RW           96    .bss..L_MergedGlobals  protocol.o
    0x20000060        -       0x00000048   Zero   RW           29    .bss.htim4          init.o
    0x200000a8        -       0x0000010c   Zero   RW           60    .bss.rx_buffer      uart.o
    0x200001b4        -       0x00000004   Zero   RW          574    .bss.uwTick         stm32f1xx_hal.o
    0x200001b8        -       0x00003000   Zero   RW            1    STACK               startup_stm32f103xb.o


==============================================================================

Image component sizes


      Code (inc. data)   RO Data    RW Data    ZI Data      Debug   Object Name

         4          0          0          0          0       1710   flash_config.o
       256          0          0          0         72       5572   init.o
       116          0          0          0          0       1461   main.o
      1144          0          0          0          4      18107   protocol.o
        36          8        236          0      12288        792   startup_stm32f103xb.o
       164          0          0          8          4       5763   stm32f1xx_hal.o
       196          0          0          0          0       8418   stm32f1xx_hal_cortex.o
       252          0          0          0          0       8566   stm32f1xx_hal_dma.o
       526         22          0          0          0       4760   stm32f1xx_hal_gpio.o
       276          0          0          0          0       7571   stm32f1xx_hal_msp.o
      1542          0         18          0          0       8071   stm32f1xx_hal_rcc.o
      1112          0          0          0          0      58575   stm32f1xx_hal_tim.o
       130          0          0          0          0      21216   stm32f1xx_hal_tim_ex.o
      2376          0          0          0          0      33156   stm32f1xx_hal_uart.o
        44          0          0          0          0       5570   stm32f1xx_it.o
         2          0         24          4          0       1582   system_stm32f1xx.o
       408          0          0          0        344       6776   uart.o

    ----------------------------------------------------------------------
      8670         30        312         12      12716     197666   Object Totals
         0          0         32          0          0          0   (incl. Generated)
        86          0          2          0          4          0   (incl. Padding)

    ----------------------------------------------------------------------

      Code (inc. data)   RO Data    RW Data    ZI Data      Debug   Library Member Name

         0          0          0          0          0          0   entry.o
         0          0          0          0          0          0   entry10a.o
         0          0          0          0          0          0   entry11a.o
         8          4          0          0          0          0   entry2.o
         4          0          0          0          0          0   entry5.o
         0          0          0          0          0          0   entry7b.o
         0          0          0          0          0          0   entry8b.o
         8          4          0          0          0          0   entry9a.o
        30          0          0          0          0          0   handlers.o
        48         10          0          0          0         68   init.o

    ----------------------------------------------------------------------
        98         18          0          0          0         68   Library Totals
         0          0          0          0          0          0   (incl. Padding)

    ----------------------------------------------------------------------

      Code (inc. data)   RO Data    RW Data    ZI Data      Debug   Library Name

        98         18          0          0          0         68   mc_w.l

    ----------------------------------------------------------------------
        98         18          0          0          0         68   Library Totals

    ----------------------------------------------------------------------

==============================================================================


      Code (inc. data)   RO Data    RW Data    ZI Data      Debug   

      8768         48        312         12      12716     197586   Grand Totals
      8768         48        312         12      12716     197586   ELF Image Totals
      8768         48        312         12          0          0   ROM Totals

==============================================================================

    Total RO  Size (Code + RO Data)                 9080 (   8.87kB)
    Total RW  Size (RW Data + ZI Data)             12728 (  12.43kB)
    Total ROM Size (Code + RO Data + RW Data)       9092 (   8.88kB)

==============================================================================

